Archive member included to satisfy reference by file (symbol)

c:/program files (x86)/atmel/studio/7.0/toolchain/arm/arm-gnu-toolchain/bin/../lib/gcc/arm-none-eabi/6.3.1/../../../../arm-none-eabi/lib/thumb/v7-m\libc.a(lib_a-exit.o)
                              c:/program files (x86)/atmel/studio/7.0/toolchain/arm/arm-gnu-toolchain/bin/../lib/gcc/arm-none-eabi/6.3.1/../../../../arm-none-eabi/lib/thumb/v7-m/crt0.o (exit)
c:/program files (x86)/atmel/studio/7.0/toolchain/arm/arm-gnu-toolchain/bin/../lib/gcc/arm-none-eabi/6.3.1/../../../../arm-none-eabi/lib/thumb/v7-m\libc.a(lib_a-impure.o)
                              c:/program files (x86)/atmel/studio/7.0/toolchain/arm/arm-gnu-toolchain/bin/../lib/gcc/arm-none-eabi/6.3.1/../../../../arm-none-eabi/lib/thumb/v7-m\libc.a(lib_a-exit.o) (_global_impure_ptr)
c:/program files (x86)/atmel/studio/7.0/toolchain/arm/arm-gnu-toolchain/bin/../lib/gcc/arm-none-eabi/6.3.1/../../../../arm-none-eabi/lib/thumb/v7-m\libc.a(lib_a-init.o)
                              c:/program files (x86)/atmel/studio/7.0/toolchain/arm/arm-gnu-toolchain/bin/../lib/gcc/arm-none-eabi/6.3.1/../../../../arm-none-eabi/lib/thumb/v7-m/crt0.o (__libc_init_array)
c:/program files (x86)/atmel/studio/7.0/toolchain/arm/arm-gnu-toolchain/bin/../lib/gcc/arm-none-eabi/6.3.1/../../../../arm-none-eabi/lib/thumb/v7-m\libc.a(lib_a-iprintf.o)
                              src/ASF/sam/drivers/adc/adc.o (iprintf)
c:/program files (x86)/atmel/studio/7.0/toolchain/arm/arm-gnu-toolchain/bin/../lib/gcc/arm-none-eabi/6.3.1/../../../../arm-none-eabi/lib/thumb/v7-m\libc.a(lib_a-memcpy.o)
                              src/ASF/thirdparty/freertos/freertos-7.3.0/source/queue.o (memcpy)
c:/program files (x86)/atmel/studio/7.0/toolchain/arm/arm-gnu-toolchain/bin/../lib/gcc/arm-none-eabi/6.3.1/../../../../arm-none-eabi/lib/thumb/v7-m\libc.a(lib_a-memset.o)
                              c:/program files (x86)/atmel/studio/7.0/toolchain/arm/arm-gnu-toolchain/bin/../lib/gcc/arm-none-eabi/6.3.1/../../../../arm-none-eabi/lib/thumb/v7-m/crt0.o (memset)
c:/program files (x86)/atmel/studio/7.0/toolchain/arm/arm-gnu-toolchain/bin/../lib/gcc/arm-none-eabi/6.3.1/../../../../arm-none-eabi/lib/thumb/v7-m\libc.a(lib_a-puts.o)
                              src/ASF/sam/drivers/adc/adc.o (puts)
c:/program files (x86)/atmel/studio/7.0/toolchain/arm/arm-gnu-toolchain/bin/../lib/gcc/arm-none-eabi/6.3.1/../../../../arm-none-eabi/lib/thumb/v7-m\libc.a(lib_a-setbuf.o)
                              src/ConsoleFunctions.o (setbuf)
c:/program files (x86)/atmel/studio/7.0/toolchain/arm/arm-gnu-toolchain/bin/../lib/gcc/arm-none-eabi/6.3.1/../../../../arm-none-eabi/lib/thumb/v7-m\libc.a(lib_a-setvbuf.o)
                              c:/program files (x86)/atmel/studio/7.0/toolchain/arm/arm-gnu-toolchain/bin/../lib/gcc/arm-none-eabi/6.3.1/../../../../arm-none-eabi/lib/thumb/v7-m\libc.a(lib_a-setbuf.o) (setvbuf)
c:/program files (x86)/atmel/studio/7.0/toolchain/arm/arm-gnu-toolchain/bin/../lib/gcc/arm-none-eabi/6.3.1/../../../../arm-none-eabi/lib/thumb/v7-m\libc.a(lib_a-sprintf.o)
                              src/ASF/thirdparty/freertos/freertos-7.3.0/source/tasks.o (sprintf)
c:/program files (x86)/atmel/studio/7.0/toolchain/arm/arm-gnu-toolchain/bin/../lib/gcc/arm-none-eabi/6.3.1/../../../../arm-none-eabi/lib/thumb/v7-m\libc.a(lib_a-strcat.o)
                              src/ASF/thirdparty/freertos/freertos-7.3.0/source/tasks.o (strcat)
c:/program files (x86)/atmel/studio/7.0/toolchain/arm/arm-gnu-toolchain/bin/../lib/gcc/arm-none-eabi/6.3.1/../../../../arm-none-eabi/lib/thumb/v7-m\libc.a(lib_a-strcpy.o)
                              c:/program files (x86)/atmel/studio/7.0/toolchain/arm/arm-gnu-toolchain/bin/../lib/gcc/arm-none-eabi/6.3.1/../../../../arm-none-eabi/lib/thumb/v7-m\libc.a(lib_a-strcat.o) (strcpy)
c:/program files (x86)/atmel/studio/7.0/toolchain/arm/arm-gnu-toolchain/bin/../lib/gcc/arm-none-eabi/6.3.1/../../../../arm-none-eabi/lib/thumb/v7-m\libc.a(lib_a-strlen-stub.o)
                              src/ASF/thirdparty/freertos/freertos-7.3.0/source/FreeRTOS_CLI.o (strlen)
c:/program files (x86)/atmel/studio/7.0/toolchain/arm/arm-gnu-toolchain/bin/../lib/gcc/arm-none-eabi/6.3.1/../../../../arm-none-eabi/lib/thumb/v7-m\libc.a(lib_a-strncmp.o)
                              src/ASF/thirdparty/freertos/freertos-7.3.0/source/FreeRTOS_CLI.o (strncmp)
c:/program files (x86)/atmel/studio/7.0/toolchain/arm/arm-gnu-toolchain/bin/../lib/gcc/arm-none-eabi/6.3.1/../../../../arm-none-eabi/lib/thumb/v7-m\libc.a(lib_a-strncpy.o)
                              src/ASF/thirdparty/freertos/freertos-7.3.0/source/FreeRTOS_CLI.o (strncpy)
c:/program files (x86)/atmel/studio/7.0/toolchain/arm/arm-gnu-toolchain/bin/../lib/gcc/arm-none-eabi/6.3.1/../../../../arm-none-eabi/lib/thumb/v7-m\libc.a(lib_a-svfprintf.o)
[...]
Memory Configuration

Name             Origin             Length             Attributes
rom              0x00080000         0x00080000         xr
sram0            0x20000000         0x00010000         xrw
sram1            0x20080000         0x00008000         xrw
ram              0x20070000         0x00018000         xrw
*default*        0x00000000         0xffffffff

Linker script and memory map

LOAD c:/program files (x86)/atmel/studio/7.0/toolchain/arm/arm-gnu-toolchain/bin/../lib/gcc/arm-none-eabi/6.3.1/thumb/v7-m/crti.o
LOAD c:/program files (x86)/atmel/studio/7.0/toolchain/arm/arm-gnu-toolchain/bin/../lib/gcc/arm-none-eabi/6.3.1/thumb/v7-m/crtbegin.o
LOAD c:/program files (x86)/atmel/studio/7.0/toolchain/arm/arm-gnu-toolchain/bin/../lib/gcc/arm-none-eabi/6.3.1/../../../../arm-none-eabi/lib/thumb/v7-m/crt0.o
LOAD src/adcFunctions.o
LOAD src/ASF/common/utils/stdio/read.o
LOAD src/ASF/sam/drivers/adc/adc.o
LOAD src/ASF/sam/drivers/trng/trng.o
LOAD src/ASF/sam/drivers/adc/adc_sam3u.o
LOAD src/ASF/sam/drivers/usart/usart.o
LOAD src/ASF/thirdparty/freertos/freertos-7.3.0/source/FreeRTOS_CLI.o
LOAD src/buttons.o
LOAD src/ConsoleFunctions.o
LOAD src/DelayFunctions.o
LOAD src/lcdApplication.o
LOAD src/LCDFunctions.o
LOAD src/ASF/thirdparty/freertos/freertos-7.3.0/source/list.o
LOAD src/ASF/thirdparty/freertos/freertos-7.3.0/source/portable/gcc/sam/port.o
LOAD src/ASF/thirdparty/freertos/freertos-7.3.0/source/portable/memmang/heap_4.o
LOAD src/ASF/thirdparty/freertos/freertos-7.3.0/source/queue.o
LOAD src/ASF/thirdparty/freertos/freertos-7.3.0/source/tasks.o
LOAD src/ASF/thirdparty/freertos/freertos-7.3.0/source/timers.o
LOAD src/ASF/common/utils/stdio/write.o
LOAD src/ASF/common/services/serial/usart_serial.o
LOAD src/ASF/sam/drivers/tc/tc.o
LOAD src/ASF/sam/drivers/uart/uart.o
LOAD src/Task_game.o
LOAD src/Task_player1.o
LOAD src/Task_player2.o
LOAD src/ASF/common/services/clock/sam3x/sysclk.o
LOAD src/ASF/common/utils/interrupt/interrupt_sam_nvic.o
LOAD src/ASF/sam/boards/arduino_due_x/init.o
LOAD src/ASF/sam/drivers/pio/pio.o
LOAD src/ASF/sam/drivers/pio/pio_handler.o
LOAD src/ASF/sam/drivers/pmc/pmc.o
LOAD src/ASF/sam/drivers/pmc/sleep.o
LOAD src/ASF/sam/utils/cmsis/sam3x/source/templates/exceptions.o
LOAD src/ASF/sam/utils/cmsis/sam3x/source/templates/gcc/startup_sam3x.o
LOAD src/ASF/sam/utils/cmsis/sam3x/source/templates/system_sam3x.o
LOAD src/ASF/sam/utils/syscalls/gcc/syscalls.o
LOAD src/main.o
START GROUP
LOAD ../src/ASF/thirdparty/CMSIS/Lib/GCC\libarm_cortexM3l_math.a
LOAD c:/program files (x86)/atmel/studio/7.0/toolchain/arm/arm-gnu-toolchain/bin/../lib/gcc/arm-none-eabi/6.3.1/../../../../arm-none-eabi/lib/thumb/v7-m\libm.a
END GROUP
START GROUP
LOAD c:/program files (x86)/atmel/studio/7.0/toolchain/arm/arm-gnu-toolchain/bin/../lib/gcc/arm-none-eabi/6.3.1/thumb/v7-m\libgcc.a
LOAD c:/program files (x86)/atmel/studio/7.0/toolchain/arm/arm-gnu-toolchain/bin/../lib/gcc/arm-none-eabi/6.3.1/../../../../arm-none-eabi/lib/thumb/v7-m\libc.a
END GROUP
LOAD c:/program files (x86)/atmel/studio/7.0/toolchain/arm/arm-gnu-toolchain/bin/../lib/gcc/arm-none-eabi/6.3.1/thumb/v7-m/crtend.o
LOAD c:/program files (x86)/atmel/studio/7.0/toolchain/arm/arm-gnu-toolchain/bin/../lib/gcc/arm-none-eabi/6.3.1/thumb/v7-m/crtn.o
                0x00002000                __stack_size__ = DEFINED (__stack_size__)?__stack_size__:0x2000
                0x20087ffc                __ram_end__ = ((ORIGIN (ram) + LENGTH (ram)) - 0x4)

.text           0x00080000     0x57f0
                0x00080000                . = ALIGN (0x4)
                0x00080000                _sfixed = .
 *(.vectors .vectors.*)
 .vectors       0x00080000       0xf4 src/ASF/sam/utils/cmsis/sam3x/source/templates/gcc/startup_sam3x.o
                0x00080000                exception_table
 *(.text .text.* .gnu.linkonce.t.*)
 .text          0x000800f4       0x6c c:/program files (x86)/atmel/studio/7.0/toolchain/arm/arm-gnu-toolchain/bin/../lib/gcc/arm-none-eabi/6.3.1/thumb/v7-m/crtbegin.o
 .text.analogInit
                0x00080160       0x6c src/adcFunctions.o
                0x00080160                analogInit
 .text.analogRead
                0x000801cc       0x38 src/adcFunctions.o
                0x000801cc                analogRead
 .text._read    0x00080204       0x3c src/ASF/common/utils/stdio/read.o
                0x00080204                _read
 .text.adc_init
                0x00080240       0x34 src/ASF/sam/drivers/adc/adc.o
                0x00080240                adc_init
 .text.adc_set_resolution
                0x00080274       0x10 src/ASF/sam/drivers/adc/adc.o
                0x00080274                adc_set_resolution
 .text.adc_configure_trigger
                0x00080284        0xe src/ASF/sam/drivers/adc/adc.o
                0x00080284                adc_configure_trigger
 .text.adc_configure_timing
                0x00080292       0x1c src/ASF/sam/drivers/adc/adc.o
                0x00080292                adc_configure_timing
 .text.adc_start
                0x000802ae        0x6 src/ASF/sam/drivers/adc/adc.o
                0x000802ae                adc_start
 .text.adc_enable_channel
                0x000802b4        0xa src/ASF/sam/drivers/adc/adc.o
                0x000802b4                adc_enable_channel
 .text.adc_get_channel_value
                0x000802be        0xe src/ASF/sam/drivers/adc/adc.o
                0x000802be                adc_get_channel_value
 .text.adc_get_status
                0x000802cc        0x4 src/ASF/sam/drivers/adc/adc.o
                0x000802cc                adc_get_status
 .text.trng_enable
                0x000802d0        0xc src/ASF/sam/drivers/trng/trng.o
                0x000802d0                trng_enable
 .text.trng_read_output_data
                0x000802dc        0x4 src/ASF/sam/drivers/trng/trng.o
                0x000802dc                trng_read_output_data
 .text.usart_write
                0x000802e0       0x14 src/ASF/sam/drivers/usart/usart.o
                0x000802e0                usart_write
 .text.usart_read
                0x000802f4       0x18 src/ASF/sam/drivers/usart/usart.o
                0x000802f4                usart_read
 .text.readLCDbutton
                0x0008030c       0x54 src/buttons.o
                0x0008030c                readLCDbutton
 .text.usart_serial_getchar
                0x00080360       0xac src/ConsoleFunctions.o
 .text.usart_serial_putchar
                0x0008040c       0x9c src/ConsoleFunctions.o
 .text.configureConsole
                0x000804a8       0x94 src/ConsoleFunctions.o
                0x000804a8                configureConsole
 .text.delayInit
                0x0008053c       0x3c src/DelayFunctions.o
                0x0008053c                delayInit
 .text.delayMicroseconds
                0x00080578       0x3c src/DelayFunctions.o
                0x00080578                delayMicroseconds
 .text.lcdWrite
                0x000805b4       0x4c src/LCDFunctions.o
                0x000805b4                lcdWrite
 .text.lcdInit  0x00080600       0xe4 src/LCDFunctions.o
                0x00080600                lcdInit
 .text.lcdClearDisplay
                0x000806e4       0x20 src/LCDFunctions.o
                0x000806e4                lcdClearDisplay
 .text.vListInitialise
                0x00080704       0x16 src/ASF/thirdparty/freertos/freertos-7.3.0/source/list.o
                0x00080704                vListInitialise
 .text.vListInitialiseItem
                0x0008071a        0x6 src/ASF/thirdparty/freertos/freertos-7.3.0/source/list.o
                0x0008071a                vListInitialiseItem
 .text.vListInsertEnd
                0x00080720       0x1c src/ASF/thirdparty/freertos/freertos-7.3.0/source/list.o
                0x00080720                vListInsertEnd
 .text.vListInsert
                0x0008073c       0x3a src/ASF/thirdparty/freertos/freertos-7.3.0/source/list.o
                0x0008073c                vListInsert
 .text.uxListRemove
                0x00080776       0x26 src/ASF/thirdparty/freertos/freertos-7.3.0/source/list.o
                0x00080776                uxListRemove
 .text.prvPortStartFirstTask
                0x0008079c       0x14 src/ASF/thirdparty/freertos/freertos-7.3.0/source/portable/gcc/sam/port.o
 .text.pxPortInitialiseStack
                0x000807b0       0x1a src/ASF/thirdparty/freertos/freertos-7.3.0/source/portable/gcc/sam/port.o
                0x000807b0                pxPortInitialiseStack
 *fill*         0x000807ca        0x2 
 .text.SVC_Handler
                0x000807cc       0x20 src/ASF/thirdparty/freertos/freertos-7.3.0/source/portable/gcc/sam/port.o
                0x000807cc                SVC_Handler
 .text.vPortYieldFromISR
                0x000807ec       0x10 src/ASF/thirdparty/freertos/freertos-7.3.0/source/portable/gcc/sam/port.o
                0x000807ec                vPortYieldFromISR
 .text.ulPortSetInterruptMask
                0x000807fc       0x10 src/ASF/thirdparty/freertos/freertos-7.3.0/source/portable/gcc/sam/port.o
                0x000807fc                ulPortSetInterruptMask
 .text.vPortEnterCritical
                0x0008080c       0x18 src/ASF/thirdparty/freertos/freertos-7.3.0/source/portable/gcc/sam/port.o
                0x0008080c                vPortEnterCritical
 .text.vPortClearInterruptMask
                0x00080824        0x6 src/ASF/thirdparty/freertos/freertos-7.3.0/source/portable/gcc/sam/port.o
                0x00080824                vPortClearInterruptMask
 *fill*         0x0008082a        0x2 
 .text.vPortExitCritical
                0x0008082c       0x20 src/ASF/thirdparty/freertos/freertos-7.3.0/source/portable/gcc/sam/port.o
                0x0008082c                vPortExitCritical
 .text.PendSV_Handler
                0x0008084c       0x3c src/ASF/thirdparty/freertos/freertos-7.3.0/source/portable/gcc/sam/port.o
                0x0008084c                PendSV_Handler
 .text.SysTick_Handler
                0x00080888       0x2c src/ASF/thirdparty/freertos/freertos-7.3.0/source/portable/gcc/sam/port.o
                0x00080888                SysTick_Handler
 .text.vPortSetupTimerInterrupt
                0x000808b4       0x14 src/ASF/thirdparty/freertos/freertos-7.3.0/source/portable/gcc/sam/port.o
                0x000808b4                vPortSetupTimerInterrupt
 .text.xPortStartScheduler
                0x000808c8       0x38 src/ASF/thirdparty/freertos/freertos-7.3.0/source/portable/gcc/sam/port.o
                0x000808c8                xPortStartScheduler
 .text.prvInsertBlockIntoFreeList
                0x00080900       0x58 src/ASF/thirdparty/freertos/freertos-7.3.0/source/portable/memmang/heap_4.o
 .text.pvPortMalloc
                0x00080958       0xcc src/ASF/thirdparty/freertos/freertos-7.3.0/source/portable/memmang/heap_4.o
                0x00080958                pvPortMalloc
 .text.vPortFree
                0x00080a24       0x38 src/ASF/thirdparty/freertos/freertos-7.3.0/source/portable/memmang/heap_4.o
                0x00080a24                vPortFree
 .text.prvCopyDataToQueue
                0x00080a5c       0x68 src/ASF/thirdparty/freertos/freertos-7.3.0/source/queue.o
 .text.prvCopyDataFromQueue
                0x00080ac4       0x28 src/ASF/thirdparty/freertos/freertos-7.3.0/source/queue.o
 .text.prvUnlockQueue
                0x00080aec       0x94 src/ASF/thirdparty/freertos/freertos-7.3.0/source/queue.o
 .text.xQueueGenericReset
                0x00080b80       0x80 src/ASF/thirdparty/freertos/freertos-7.3.0/source/queue.o
                0x00080b80                xQueueGenericReset
 .text.xQueueGenericCreate
                0x00080c00       0x54 src/ASF/thirdparty/freertos/freertos-7.3.0/source/queue.o
                0x00080c00                xQueueGenericCreate
 .text.xQueueGenericSend
                0x00080c54      0x128 src/ASF/thirdparty/freertos/freertos-7.3.0/source/queue.o
                0x00080c54                xQueueGenericSend
 .text.xQueueGenericSendFromISR
                0x00080d7c       0x90 src/ASF/thirdparty/freertos/freertos-7.3.0/source/queue.o
                0x00080d7c                xQueueGenericSendFromISR
 .text.xQueueGenericReceive
                0x00080e0c      0x168 src/ASF/thirdparty/freertos/freertos-7.3.0/source/queue.o
                0x00080e0c                xQueueGenericReceive
 .text.vQueueWaitForMessageRestricted
                0x00080f74       0x50 src/ASF/thirdparty/freertos/freertos-7.3.0/source/queue.o
                0x00080f74                vQueueWaitForMessageRestricted
 .text.prvAddCurrentTaskToDelayedList
                0x00080fc4       0x58 src/ASF/thirdparty/freertos/freertos-7.3.0/source/tasks.o
 .text.xTaskGenericCreate
                0x0008101c      0x204 src/ASF/thirdparty/freertos/freertos-7.3.0/source/tasks.o
                0x0008101c                xTaskGenericCreate
 .text.vTaskStartScheduler
                0x00081220       0x68 src/ASF/thirdparty/freertos/freertos-7.3.0/source/tasks.o
                0x00081220                vTaskStartScheduler
 .text.vTaskSuspendAll
                0x00081288       0x10 src/ASF/thirdparty/freertos/freertos-7.3.0/source/tasks.o
                0x00081288                vTaskSuspendAll
 .text.xTaskGetTickCount
                0x00081298       0x20 src/ASF/thirdparty/freertos/freertos-7.3.0/source/tasks.o
                0x00081298                xTaskGetTickCount
 .text.vTaskIncrementTick
                0x000812b8      0x128 src/ASF/thirdparty/freertos/freertos-7.3.0/source/tasks.o
                0x000812b8                vTaskIncrementTick
 .text.xTaskResumeAll
                0x000813e0      0x100 src/ASF/thirdparty/freertos/freertos-7.3.0/source/tasks.o
                0x000813e0                xTaskResumeAll
 .text.vTaskDelay
                0x000814e0       0x4c src/ASF/thirdparty/freertos/freertos-7.3.0/source/tasks.o
                0x000814e0                vTaskDelay
 .text.prvIdleTask
                0x0008152c       0x88 src/ASF/thirdparty/freertos/freertos-7.3.0/source/tasks.o
 .text.vTaskSwitchContext
                0x000815b4       0xa0 src/ASF/thirdparty/freertos/freertos-7.3.0/source/tasks.o
                0x000815b4                vTaskSwitchContext
 .text.vTaskPlaceOnEventList
                0x00081654       0x60 src/ASF/thirdparty/freertos/freertos-7.3.0/source/tasks.o
                0x00081654                vTaskPlaceOnEventList
 .text.vTaskPlaceOnEventListRestricted
                0x000816b4       0x44 src/ASF/thirdparty/freertos/freertos-7.3.0/source/tasks.o
                0x000816b4                vTaskPlaceOnEventListRestricted
 .text.xTaskRemoveFromEventList
                0x000816f8       0x84 src/ASF/thirdparty/freertos/freertos-7.3.0/source/tasks.o
                0x000816f8                xTaskRemoveFromEventList
 .text.vTaskSetTimeOutState
                0x0008177c       0x28 src/ASF/thirdparty/freertos/freertos-7.3.0/source/tasks.o
                0x0008177c                vTaskSetTimeOutState
 .text.xTaskCheckForTimeOut
                0x000817a4       0x84 src/ASF/thirdparty/freertos/freertos-7.3.0/source/tasks.o
                0x000817a4                xTaskCheckForTimeOut
 .text.vTaskMissedYield
                0x00081828        0xc src/ASF/thirdparty/freertos/freertos-7.3.0/source/tasks.o
                0x00081828                vTaskMissedYield
 .text.xTaskGetCurrentTaskHandle
                0x00081834        0xc src/ASF/thirdparty/freertos/freertos-7.3.0/source/tasks.o
                0x00081834                xTaskGetCurrentTaskHandle
 .text.xTaskGetSchedulerState
                0x00081840       0x20 src/ASF/thirdparty/freertos/freertos-7.3.0/source/tasks.o
                0x00081840                xTaskGetSchedulerState
 .text.vTaskPriorityInherit
                0x00081860       0x80 src/ASF/thirdparty/freertos/freertos-7.3.0/source/tasks.o
                0x00081860                vTaskPriorityInherit
 .text.vTaskPriorityDisinherit
                0x000818e0       0x50 src/ASF/thirdparty/freertos/freertos-7.3.0/source/tasks.o
                0x000818e0                vTaskPriorityDisinherit
 .text.prvInsertTimerInActiveList
                0x00081930       0x4c src/ASF/thirdparty/freertos/freertos-7.3.0/source/timers.o
 .text.prvCheckForValidListAndQueue
                0x0008197c       0x5c src/ASF/thirdparty/freertos/freertos-7.3.0/source/timers.o
 .text.xTimerCreateTimerTask
                0x000819d8       0x4c src/ASF/thirdparty/freertos/freertos-7.3.0/source/timers.o
                0x000819d8                xTimerCreateTimerTask
 .text.xTimerGenericCommand
                0x00081a24       0x54 src/ASF/thirdparty/freertos/freertos-7.3.0/source/timers.o
                0x00081a24                xTimerGenericCommand
 .text.prvSampleTimeNow
                0x00081a78       0xb0 src/ASF/thirdparty/freertos/freertos-7.3.0/source/timers.o
 .text.prvTimerTask
                0x00081b28      0x174 src/ASF/thirdparty/freertos/freertos-7.3.0/source/timers.o
 .text._write   0x00081c9c       0x50 src/ASF/common/utils/stdio/write.o
                0x00081c9c                _write
 .text.tc_init  0x00081cec       0x18 src/ASF/sam/drivers/tc/tc.o
                0x00081cec                tc_init
 .text.tc_set_block_mode
                0x00081d04        0x6 src/ASF/sam/drivers/tc/tc.o
                0x00081d04                tc_set_block_mode
 .text.tc_start
                0x00081d0a        0x8 src/ASF/sam/drivers/tc/tc.o
                0x00081d0a                tc_start
 .text.tc_stop  0x00081d12        0x8 src/ASF/sam/drivers/tc/tc.o
                0x00081d12                tc_stop
 .text.tc_read_cv
                0x00081d1a        0x8 src/ASF/sam/drivers/tc/tc.o
                0x00081d1a                tc_read_cv
 .text.uart_init
                0x00081d22       0x36 src/ASF/sam/drivers/uart/uart.o
                0x00081d22                uart_init
 .text.uart_write
                0x00081d58       0x10 src/ASF/sam/drivers/uart/uart.o
                0x00081d58                uart_write
 .text.uart_read
                0x00081d68       0x12 src/ASF/sam/drivers/uart/uart.o
                0x00081d68                uart_read
 *fill*         0x00081d7a        0x2 
 .text.task_game
                0x00081d7c      0x150 src/Task_game.o
                0x00081d7c                task_game
 .text.task_player1
                0x00081ecc       0x50 src/Task_player1.o
                0x00081ecc                task_player1
 .text.task_player2
                0x00081f1c       0x50 src/Task_player2.o
                0x00081f1c                task_player2
 .text.sysclk_init
                0x00081f6c       0x64 src/ASF/common/services/clock/sam3x/sysclk.o
                0x00081f6c                sysclk_init
 .text.board_init
                0x00081fd0       0x80 src/ASF/sam/boards/arduino_due_x/init.o
                0x00081fd0                board_init
 .text.pio_set_peripheral
                0x00082050       0x3e src/ASF/sam/drivers/pio/pio.o
                0x00082050                pio_set_peripheral
 .text.pio_set_input
                0x0008208e       0x32 src/ASF/sam/drivers/pio/pio.o
                0x0008208e                pio_set_input
 .text.pio_set_output
                0x000820c0       0x26 src/ASF/sam/drivers/pio/pio.o
                0x000820c0                pio_set_output
 .text.pio_get_interrupt_status
                0x000820e6        0x4 src/ASF/sam/drivers/pio/pio.o
                0x000820e6                pio_get_interrupt_status
 .text.pio_get_interrupt_mask
                0x000820ea        0x4 src/ASF/sam/drivers/pio/pio.o
                0x000820ea                pio_get_interrupt_mask
 *fill*         0x000820ee        0x2 
 .text.pio_configure_pin
                0x000820f0       0xd0 src/ASF/sam/drivers/pio/pio.o
                0x000820f0                pio_configure_pin
 .text.pio_configure_pin_group
                0x000821c0       0x9c src/ASF/sam/drivers/pio/pio.o
                0x000821c0                pio_configure_pin_group
 .text.pio_handler_process
                0x0008225c       0x50 src/ASF/sam/drivers/pio/pio_handler.o
                0x0008225c                pio_handler_process
 .text.PIOA_Handler
                0x000822ac       0x14 src/ASF/sam/drivers/pio/pio_handler.o
                0x000822ac                PIOA_Handler
 .text.PIOB_Handler
                0x000822c0       0x14 src/ASF/sam/drivers/pio/pio_handler.o
                0x000822c0                PIOB_Handler
 .text.PIOC_Handler
                0x000822d4       0x14 src/ASF/sam/drivers/pio/pio_handler.o
                0x000822d4                PIOC_Handler
 .text.PIOD_Handler
                0x000822e8       0x14 src/ASF/sam/drivers/pio/pio_handler.o
                0x000822e8                PIOD_Handler
 .text.pmc_switch_mck_to_pllack
                0x000822fc       0x64 src/ASF/sam/drivers/pmc/pmc.o
                0x000822fc                pmc_switch_mck_to_pllack
 .text.pmc_switch_mainck_to_xtal
                0x00082360       0x54 src/ASF/sam/drivers/pmc/pmc.o
                0x00082360                pmc_switch_mainck_to_xtal
 .text.pmc_osc_is_ready_mainck
                0x000823b4       0x10 src/ASF/sam/drivers/pmc/pmc.o
                0x000823b4                pmc_osc_is_ready_mainck
 .text.pmc_disable_pllack
                0x000823c4       0x10 src/ASF/sam/drivers/pmc/pmc.o
                0x000823c4                pmc_disable_pllack
 .text.pmc_is_locked_pllack
                0x000823d4       0x10 src/ASF/sam/drivers/pmc/pmc.o
                0x000823d4                pmc_is_locked_pllack
 .text.pmc_enable_periph_clk
                0x000823e4       0x20 src/ASF/sam/drivers/pmc/pmc.o
                0x000823e4                pmc_enable_periph_clk
 .text.Dummy_Handler
                0x00082404        0x2 src/ASF/sam/utils/cmsis/sam3x/source/templates/exceptions.o
                0x00082404                DACC_Handler
                0x00082404                DebugMon_Handler
                0x00082404                DMAC_Handler
                0x00082404                TRNG_Handler
                0x00082404                HardFault_Handler
                0x00082404                TC2_Handler
                0x00082404                USART3_Handler
                0x00082404                TWI1_Handler
                0x00082404                NMI_Handler
                0x00082404                TC7_Handler
                0x00082404                ADC_Handler
                0x00082404                SMC_Handler
                0x00082404                USART0_Handler
                0x00082404                RTT_Handler
                0x00082404                EFC1_Handler
                0x00082404                RTC_Handler
                0x00082404                UsageFault_Handler
                0x00082404                TC6_Handler
                0x00082404                WDT_Handler
                0x00082404                CAN0_Handler
                0x00082404                TC4_Handler
                0x00082404                TC1_Handler
                0x00082404                HSMCI_Handler
                0x00082404                TC3_Handler
                0x00082404                Dummy_Handler
                0x00082404                TWI0_Handler
                0x00082404                USART1_Handler
                0x00082404                SSC_Handler
                0x00082404                EFC0_Handler
                0x00082404                PMC_Handler
                0x00082404                PWM_Handler
                0x00082404                CAN1_Handler
                0x00082404                MemManage_Handler
                0x00082404                SUPC_Handler
                0x00082404                TC8_Handler
                0x00082404                USART2_Handler
                0x00082404                EMAC_Handler
                0x00082404                UART_Handler
                0x00082404                BusFault_Handler
                0x00082404                RSTC_Handler
                0x00082404                TC0_Handler
                0x00082404                TC5_Handler
                0x00082404                UOTGHS_Handler
                0x00082404                SPI0_Handler
 *fill*         0x00082406        0x2 
 .text.Reset_Handler
                0x00082408       0x98 src/ASF/sam/utils/cmsis/sam3x/source/templates/gcc/startup_sam3x.o
                0x00082408                Reset_Handler
 .text.SystemCoreClockUpdate
                0x000824a0      0x118 src/ASF/sam/utils/cmsis/sam3x/source/templates/system_sam3x.o
                0x000824a0                SystemCoreClockUpdate
 .text._sbrk    0x000825b8       0x38 src/ASF/sam/utils/syscalls/gcc/syscalls.o
                0x000825b8                _sbrk
 .text._close   0x000825f0        0x6 src/ASF/sam/utils/syscalls/gcc/syscalls.o
                0x000825f0                _close
 .text._fstat   0x000825f6        0xa src/ASF/sam/utils/syscalls/gcc/syscalls.o
                0x000825f6                _fstat
 .text._isatty  0x00082600        0x4 src/ASF/sam/utils/syscalls/gcc/syscalls.o
                0x00082600                _isatty
 .text._lseek   0x00082604        0x4 src/ASF/sam/utils/syscalls/gcc/syscalls.o
                0x00082604                _lseek
 .text.main     0x00082608       0xfc src/main.o
                0x00082608                main
 .text.__libc_init_array
                0x00082704       0x50 c:/program files (x86)/atmel/studio/7.0/toolchain/arm/arm-gnu-toolchain/bin/../lib/gcc/arm-none-eabi/6.3.1/../../../../arm-none-eabi/lib/thumb/v7-m\libc.a(lib_a-init.o)
                0x00082704                __libc_init_array
 .text.iprintf  0x00082754       0x28 c:/program files (x86)/atmel/studio/7.0/toolchain/arm/arm-gnu-toolchain/bin/../lib/gcc/arm-none-eabi/6.3.1/../../../../arm-none-eabi/lib/thumb/v7-m\libc.a(lib_a-iprintf.o)
                0x00082754                iprintf
 .text          0x0008277c       0xec c:/program files (x86)/atmel/studio/7.0/toolchain/arm/arm-gnu-toolchain/bin/../lib/gcc/arm-none-eabi/6.3.1/../../../../arm-none-eabi/lib/thumb/v7-m\libc.a(lib_a-memcpy.o)
                0x0008277c                memcpy
 .text.memset   0x00082868       0x9c c:/program files (x86)/atmel/studio/7.0/toolchain/arm/arm-gnu-toolchain/bin/../lib/gcc/arm-none-eabi/6.3.1/../../../../arm-none-eabi/lib/thumb/v7-m\libc.a(lib_a-memset.o)
                0x00082868                memset
 .text.setbuf   0x00082904       0x10 c:/program files (x86)/atmel/studio/7.0/toolchain/arm/arm-gnu-toolchain/bin/../lib/gcc/arm-none-eabi/6.3.1/../../../../arm-none-eabi/lib/thumb/v7-m\libc.a(lib_a-setbuf.o)
                0x00082904                setbuf
 .text.setvbuf  0x00082914      0x190 c:/program files (x86)/atmel/studio/7.0/toolchain/arm/arm-gnu-toolchain/bin/../lib/gcc/arm-none-eabi/6.3.1/../../../../arm-none-eabi/lib/thumb/v7-m\libc.a(lib_a-setvbuf.o)
                0x00082914                setvbuf
 .text.strlen   0x00082aa4       0x5c c:/program files (x86)/atmel/studio/7.0/toolchain/arm/arm-gnu-toolchain/bin/../lib/gcc/arm-none-eabi/6.3.1/../../../../arm-none-eabi/lib/thumb/v7-m\libc.a(lib_a-strlen-stub.o)
                0x00082aa4                strlen
 .text.strncpy  0x00082b00       0x64 c:/program files (x86)/atmel/studio/7.0/toolchain/arm/arm-gnu-toolchain/bin/../lib/gcc/arm-none-eabi/6.3.1/../../../../arm-none-eabi/lib/thumb/v7-m\libc.a(lib_a-strncpy.o)
                0x00082b00                strncpy
 .text.__sprint_r.part.0
                0x00082b64       0x80 c:/program files (x86)/atmel/studio/7.0/toolchain/arm/arm-gnu-toolchain/bin/../lib/gcc/arm-none-eabi/6.3.1/../../../../arm-none-eabi/lib/thumb/v7-m\libc.a(lib_a-vfiprintf.o)
 .text._vfiprintf_r
                0x00082be4      0xc88 c:/program files (x86)/atmel/studio/7.0/toolchain/arm/arm-gnu-toolchain/bin/../lib/gcc/arm-none-eabi/6.3.1/../../../../arm-none-eabi/lib/thumb/v7-m\libc.a(lib_a-vfiprintf.o)
                0x00082be4                _vfiprintf_r
 .text.__sbprintf
                0x0008386c       0x88 c:/program files (x86)/atmel/studio/7.0/toolchain/arm/arm-gnu-toolchain/bin/../lib/gcc/arm-none-eabi/6.3.1/../../../../arm-none-eabi/lib/thumb/v7-m\libc.a(lib_a-vfiprintf.o)
 .text.__swsetup_r
                0x000838f4       0xc8 c:/program files (x86)/atmel/studio/7.0/toolchain/arm/arm-gnu-toolchain/bin/../lib/gcc/arm-none-eabi/6.3.1/../../../../arm-none-eabi/lib/thumb/v7-m\libc.a(lib_a-wsetup.o)
                0x000838f4                __swsetup_r
 .text.startup.register_fini
                0x000839bc       0x14 c:/program files (x86)/atmel/studio/7.0/toolchain/arm/arm-gnu-toolchain/bin/../lib/gcc/arm-none-eabi/6.3.1/../../../../arm-none-eabi/lib/thumb/v7-m\libc.a(lib_a-__call_atexit.o)
 .text.atexit   0x000839d0        0xc c:/program files (x86)/atmel/studio/7.0/toolchain/arm/arm-gnu-toolchain/bin/../lib/gcc/arm-none-eabi/6.3.1/../../../../arm-none-eabi/lib/thumb/v7-m\libc.a(lib_a-atexit.o)
                0x000839d0                atexit
 .text.__sflush_r
                0x000839dc      0x138 c:/program files (x86)/atmel/studio/7.0/toolchain/arm/arm-gnu-toolchain/bin/../lib/gcc/arm-none-eabi/6.3.1/../../../../arm-none-eabi/lib/thumb/v7-m\libc.a(lib_a-fflush.o)
                0x000839dc                __sflush_r
 .text._fflush_r
                0x00083b14       0x54 c:/program files (x86)/atmel/studio/7.0/toolchain/arm/arm-gnu-toolchain/bin/../lib/gcc/arm-none-eabi/6.3.1/../../../../arm-none-eabi/lib/thumb/v7-m\libc.a(lib_a-fflush.o)
                0x00083b14                _fflush_r
 .text._cleanup_r
                0x00083b68        0xc c:/program files (x86)/atmel/studio/7.0/toolchain/arm/arm-gnu-toolchain/bin/../lib/gcc/arm-none-eabi/6.3.1/../../../../arm-none-eabi/lib/thumb/v7-m\libc.a(lib_a-findfp.o)
                0x00083b68                _cleanup_r
 .text.std.isra.0
                0x00083b74       0x50 c:/program files (x86)/atmel/studio/7.0/toolchain/arm/arm-gnu-toolchain/bin/../lib/gcc/arm-none-eabi/6.3.1/../../../../arm-none-eabi/lib/thumb/v7-m\libc.a(lib_a-findfp.o)
 .text.__sinit  0x00083bc4       0x60 c:/program files (x86)/atmel/studio/7.0/toolchain/arm/arm-gnu-toolchain/bin/../lib/gcc/arm-none-eabi/6.3.1/../../../../arm-none-eabi/lib/thumb/v7-m\libc.a(lib_a-findfp.o)
                0x00083bc4                __sinit
 .text.__sfp_lock_acquire
                0x00083c24        0xc c:/program files (x86)/atmel/studio/7.0/toolchain/arm/arm-gnu-toolchain/bin/../lib/gcc/arm-none-eabi/6.3.1/../../../../arm-none-eabi/lib/thumb/v7-m\libc.a(lib_a-findfp.o)
                0x00083c24                __sfp_lock_acquire
 .text.__sfp_lock_release
                0x00083c30        0xc c:/program files (x86)/atmel/studio/7.0/toolchain/arm/arm-gnu-toolchain/bin/../lib/gcc/arm-none-eabi/6.3.1/../../../../arm-none-eabi/lib/thumb/v7-m\libc.a(lib_a-findfp.o)
                0x00083c30                __sfp_lock_release
 .text.__libc_fini_array
                0x00083c3c       0x34 c:/program files (x86)/atmel/studio/7.0/toolchain/arm/arm-gnu-toolchain/bin/../lib/gcc/arm-none-eabi/6.3.1/../../../../arm-none-eabi/lib/thumb/v7-m\libc.a(lib_a-fini.o)
                0x00083c3c                __libc_fini_array
 .text.__fputwc
                0x00083c70       0x98 c:/program files (x86)/atmel/studio/7.0/toolchain/arm/arm-gnu-toolchain/bin/../lib/gcc/arm-none-eabi/6.3.1/../../../../arm-none-eabi/lib/thumb/v7-m\libc.a(lib_a-fputwc.o)
                0x00083c70                __fputwc
 .text._fputwc_r
                0x00083d08       0x68 c:/program files (x86)/atmel/studio/7.0/toolchain/arm/arm-gnu-toolchain/bin/../lib/gcc/arm-none-eabi/6.3.1/../../../../arm-none-eabi/lib/thumb/v7-m\libc.a(lib_a-fputwc.o)
                0x00083d08                _fputwc_r
 .text._malloc_trim_r
                0x00083d70       0xa0 c:/program files (x86)/atmel/studio/7.0/toolchain/arm/arm-gnu-toolchain/bin/../lib/gcc/arm-none-eabi/6.3.1/../../../../arm-none-eabi/lib/thumb/v7-m\libc.a(lib_a-freer.o)
                0x00083d70                _malloc_trim_r
 .text._free_r  0x00083e10      0x1cc c:/program files (x86)/atmel/studio/7.0/toolchain/arm/arm-gnu-toolchain/bin/../lib/gcc/arm-none-eabi/6.3.1/../../../../arm-none-eabi/lib/thumb/v7-m\libc.a(lib_a-freer.o)
                0x00083e10                _free_r
 .text.__sfvwrite_r
                0x00083fdc      0x2f4 c:/program files (x86)/atmel/studio/7.0/toolchain/arm/arm-gnu-toolchain/bin/../lib/gcc/arm-none-eabi/6.3.1/../../../../arm-none-eabi/lib/thumb/v7-m\libc.a(lib_a-fvwrite.o)
                0x00083fdc                __sfvwrite_r
 .text._fwalk_reent
                0x000842d0       0x50 c:/program files (x86)/atmel/studio/7.0/toolchain/arm/arm-gnu-toolchain/bin/../lib/gcc/arm-none-eabi/6.3.1/../../../../arm-none-eabi/lib/thumb/v7-m\libc.a(lib_a-fwalk.o)
                0x000842d0                _fwalk_reent
 .text.__locale_mb_cur_max
                0x00084320       0x1c c:/program files (x86)/atmel/studio/7.0/toolchain/arm/arm-gnu-toolchain/bin/../lib/gcc/arm-none-eabi/6.3.1/../../../../arm-none-eabi/lib/thumb/v7-m\libc.a(lib_a-locale.o)
                0x00084320                __locale_mb_cur_max
 .text.__retarget_lock_init_recursive
                0x0008433c        0x4 c:/program files (x86)/atmel/studio/7.0/toolchain/arm/arm-gnu-toolchain/bin/../lib/gcc/arm-none-eabi/6.3.1/../../../../arm-none-eabi/lib/thumb/v7-m\libc.a(lib_a-lock.o)
                0x0008433c                __retarget_lock_init_recursive
 .text.__retarget_lock_close_recursive
                0x00084340        0x4 c:/program files (x86)/atmel/studio/7.0/toolchain/arm/arm-gnu-toolchain/bin/../lib/gcc/arm-none-eabi/6.3.1/../../../../arm-none-eabi/lib/thumb/v7-m\libc.a(lib_a-lock.o)
                0x00084340                __retarget_lock_close_recursive
 .text.__retarget_lock_acquire_recursive
                0x00084344        0x4 c:/program files (x86)/atmel/studio/7.0/toolchain/arm/arm-gnu-toolchain/bin/../lib/gcc/arm-none-eabi/6.3.1/../../../../arm-none-eabi/lib/thumb/v7-m\libc.a(lib_a-lock.o)
                0x00084344                __retarget_lock_acquire_recursive
 .text.__retarget_lock_release_recursive
                0x00084348        0x4 c:/program files (x86)/atmel/studio/7.0/toolchain/arm/arm-gnu-toolchain/bin/../lib/gcc/arm-none-eabi/6.3.1/../../../../arm-none-eabi/lib/thumb/v7-m\libc.a(lib_a-lock.o)
                0x00084348                __retarget_lock_release_recursive
 .text.__swhatbuf_r
                0x0008434c       0x5c c:/program files (x86)/atmel/studio/7.0/toolchain/arm/arm-gnu-toolchain/bin/../lib/gcc/arm-none-eabi/6.3.1/../../../../arm-none-eabi/lib/thumb/v7-m\libc.a(lib_a-makebuf.o)
                0x0008434c                __swhatbuf_r
 .text.__smakebuf_r
                0x000843a8       0x94 c:/program files (x86)/atmel/studio/7.0/toolchain/arm/arm-gnu-toolchain/bin/../lib/gcc/arm-none-eabi/6.3.1/../../../../arm-none-eabi/lib/thumb/v7-m\libc.a(lib_a-makebuf.o)
                0x000843a8                __smakebuf_r
 .text.malloc   0x0008443c       0x10 c:/program files (x86)/atmel/studio/7.0/toolchain/arm/arm-gnu-toolchain/bin/../lib/gcc/arm-none-eabi/6.3.1/../../../../arm-none-eabi/lib/thumb/v7-m\libc.a(lib_a-malloc.o)
                0x0008443c                malloc
 .text._malloc_r
                0x0008444c      0x544 c:/program files (x86)/atmel/studio/7.0/toolchain/arm/arm-gnu-toolchain/bin/../lib/gcc/arm-none-eabi/6.3.1/../../../../arm-none-eabi/lib/thumb/v7-m\libc.a(lib_a-mallocr.o)
                0x0008444c                _malloc_r
 .text.__ascii_mbtowc
                0x00084990       0x2c c:/program files (x86)/atmel/studio/7.0/toolchain/arm/arm-gnu-toolchain/bin/../lib/gcc/arm-none-eabi/6.3.1/../../../../arm-none-eabi/lib/thumb/v7-m\libc.a(lib_a-mbtowc_r.o)
                0x00084990                __ascii_mbtowc
 .text.memchr   0x000849bc       0x8c c:/program files (x86)/atmel/studio/7.0/toolchain/arm/arm-gnu-toolchain/bin/../lib/gcc/arm-none-eabi/6.3.1/../../../../arm-none-eabi/lib/thumb/v7-m\libc.a(lib_a-memchr-stub.o)
                0x000849bc                memchr
 .text.memmove  0x00084a48       0xc8 c:/program files (x86)/atmel/studio/7.0/toolchain/arm/arm-gnu-toolchain/bin/../lib/gcc/arm-none-eabi/6.3.1/../../../../arm-none-eabi/lib/thumb/v7-m\libc.a(lib_a-memmove.o)
                0x00084a48                memmove
 .text.__malloc_lock
                0x00084b10        0xc c:/program files (x86)/atmel/studio/7.0/toolchain/arm/arm-gnu-toolchain/bin/../lib/gcc/arm-none-eabi/6.3.1/../../../../arm-none-eabi/lib/thumb/v7-m\libc.a(lib_a-mlock.o)
                0x00084b10                __malloc_lock
 .text.__malloc_unlock
                0x00084b1c        0xc c:/program files (x86)/atmel/studio/7.0/toolchain/arm/arm-gnu-toolchain/bin/../lib/gcc/arm-none-eabi/6.3.1/../../../../arm-none-eabi/lib/thumb/v7-m\libc.a(lib_a-mlock.o)
                0x00084b1c                __malloc_unlock
 .text._realloc_r
                0x00084b28      0x36c c:/program files (x86)/atmel/studio/7.0/toolchain/arm/arm-gnu-toolchain/bin/../lib/gcc/arm-none-eabi/6.3.1/../../../../arm-none-eabi/lib/thumb/v7-m\libc.a(lib_a-reallocr.o)
                0x00084b28                _realloc_r
 .text._sbrk_r  0x00084e94       0x24 c:/program files (x86)/atmel/studio/7.0/toolchain/arm/arm-gnu-toolchain/bin/../lib/gcc/arm-none-eabi/6.3.1/../../../../arm-none-eabi/lib/thumb/v7-m\libc.a(lib_a-sbrkr.o)
                0x00084e94                _sbrk_r
 .text.__sread  0x00084eb8       0x24 c:/program files (x86)/atmel/studio/7.0/toolchain/arm/arm-gnu-toolchain/bin/../lib/gcc/arm-none-eabi/6.3.1/../../../../arm-none-eabi/lib/thumb/v7-m\libc.a(lib_a-stdio.o)
                0x00084eb8                __sread
 .text.__swrite
                0x00084edc       0x3c c:/program files (x86)/atmel/studio/7.0/toolchain/arm/arm-gnu-toolchain/bin/../lib/gcc/arm-none-eabi/6.3.1/../../../../arm-none-eabi/lib/thumb/v7-m\libc.a(lib_a-stdio.o)
                0x00084edc                __swrite
 .text.__sseek  0x00084f18       0x20 c:/program files (x86)/atmel/studio/7.0/toolchain/arm/arm-gnu-toolchain/bin/../lib/gcc/arm-none-eabi/6.3.1/../../../../arm-none-eabi/lib/thumb/v7-m\libc.a(lib_a-stdio.o)
                0x00084f18                __sseek
 .text.__sclose
                0x00084f38        0x8 c:/program files (x86)/atmel/studio/7.0/toolchain/arm/arm-gnu-toolchain/bin/../lib/gcc/arm-none-eabi/6.3.1/../../../../arm-none-eabi/lib/thumb/v7-m\libc.a(lib_a-stdio.o)
                0x00084f38                __sclose
 .text.__swbuf_r
                0x00084f40       0xb0 c:/program files (x86)/atmel/studio/7.0/toolchain/arm/arm-gnu-toolchain/bin/../lib/gcc/arm-none-eabi/6.3.1/../../../../arm-none-eabi/lib/thumb/v7-m\libc.a(lib_a-wbuf.o)
                0x00084f40                __swbuf_r
 .text._wcrtomb_r
                0x00084ff0       0x54 c:/program files (x86)/atmel/studio/7.0/toolchain/arm/arm-gnu-toolchain/bin/../lib/gcc/arm-none-eabi/6.3.1/../../../../arm-none-eabi/lib/thumb/v7-m\libc.a(lib_a-wcrtomb.o)
                0x00084ff0                _wcrtomb_r
 .text.__ascii_wctomb
                0x00085044       0x18 c:/program files (x86)/atmel/studio/7.0/toolchain/arm/arm-gnu-toolchain/bin/../lib/gcc/arm-none-eabi/6.3.1/../../../../arm-none-eabi/lib/thumb/v7-m\libc.a(lib_a-wctomb_r.o)
                0x00085044                __ascii_wctomb
 .text._write_r
                0x0008505c       0x2c c:/program files (x86)/atmel/studio/7.0/toolchain/arm/arm-gnu-toolchain/bin/../lib/gcc/arm-none-eabi/6.3.1/../../../../arm-none-eabi/lib/thumb/v7-m\libc.a(lib_a-writer.o)
                0x0008505c                _write_r
 .text.__register_exitproc
                0x00085088       0xc4 c:/program files (x86)/atmel/studio/7.0/toolchain/arm/arm-gnu-toolchain/bin/../lib/gcc/arm-none-eabi/6.3.1/../../../../arm-none-eabi/lib/thumb/v7-m\libc.a(lib_a-__atexit.o)
                0x00085088                __register_exitproc
 .text._close_r
                0x0008514c       0x24 c:/program files (x86)/atmel/studio/7.0/toolchain/arm/arm-gnu-toolchain/bin/../lib/gcc/arm-none-eabi/6.3.1/../../../../arm-none-eabi/lib/thumb/v7-m\libc.a(lib_a-closer.o)
                0x0008514c                _close_r
 .text._fclose_r
                0x00085170       0xc4 c:/program files (x86)/atmel/studio/7.0/toolchain/arm/arm-gnu-toolchain/bin/../lib/gcc/arm-none-eabi/6.3.1/../../../../arm-none-eabi/lib/thumb/v7-m\libc.a(lib_a-fclose.o)
                0x00085170                _fclose_r
 .text._fstat_r
                0x00085234       0x28 c:/program files (x86)/atmel/studio/7.0/toolchain/arm/arm-gnu-toolchain/bin/../lib/gcc/arm-none-eabi/6.3.1/../../../../arm-none-eabi/lib/thumb/v7-m\libc.a(lib_a-fstatr.o)
                0x00085234                _fstat_r
 .text._isatty_r
                0x0008525c       0x24 c:/program files (x86)/atmel/studio/7.0/toolchain/arm/arm-gnu-toolchain/bin/../lib/gcc/arm-none-eabi/6.3.1/../../../../arm-none-eabi/lib/thumb/v7-m\libc.a(lib_a-isattyr.o)
                0x0008525c                _isatty_r
 .text._lseek_r
                0x00085280       0x2c c:/program files (x86)/atmel/studio/7.0/toolchain/arm/arm-gnu-toolchain/bin/../lib/gcc/arm-none-eabi/6.3.1/../../../../arm-none-eabi/lib/thumb/v7-m\libc.a(lib_a-lseekr.o)
                0x00085280                _lseek_r
 .text._read_r  0x000852ac       0x2c c:/program files (x86)/atmel/studio/7.0/toolchain/arm/arm-gnu-toolchain/bin/../lib/gcc/arm-none-eabi/6.3.1/../../../../arm-none-eabi/lib/thumb/v7-m\libc.a(lib_a-readr.o)
                0x000852ac                _read_r
 .text          0x000852d8       0x30 c:/program files (x86)/atmel/studio/7.0/toolchain/arm/arm-gnu-toolchain/bin/../lib/gcc/arm-none-eabi/6.3.1/thumb/v7-m\libgcc.a(_aeabi_uldivmod.o)
                0x000852d8                __aeabi_uldivmod
 .text          0x00085308      0x2dc c:/program files (x86)/atmel/studio/7.0/toolchain/arm/arm-gnu-toolchain/bin/../lib/gcc/arm-none-eabi/6.3.1/thumb/v7-m\libgcc.a(_udivmoddi4.o)
                0x00085308                __udivmoddi4
 .text          0x000855e4        0x4 c:/program files (x86)/atmel/studio/7.0/toolchain/arm/arm-gnu-toolchain/bin/../lib/gcc/arm-none-eabi/6.3.1/thumb/v7-m\libgcc.a(_dvmd_tls.o)
                0x000855e4                __aeabi_idiv0
                0x000855e4                __aeabi_ldiv0
 *(.glue_7t)
 .glue_7t       0x000855e8        0x0 linker stubs
 *(.glue_7)
 .glue_7        0x000855e8        0x0 linker stubs
 *(.rodata .rodata* .gnu.linkonce.r.*)
 .rodata.configureConsole.str1.4
                0x000855e8       0x1f src/ConsoleFunctions.o
 *fill*         0x00085607        0x1 
 .rodata.vTaskStartScheduler.str1.4
                0x00085608        0x5 src/ASF/thirdparty/freertos/freertos-7.3.0/source/tasks.o
 *fill*         0x0008560d        0x3 
 .rodata.xTimerCreateTimerTask.str1.4
                0x00085610        0x8 src/ASF/thirdparty/freertos/freertos-7.3.0/source/timers.o
 .rodata.task_game.str1.4
                0x00085618       0x11 src/Task_game.o
 *fill*         0x00085629        0x3 
 .rodata.task_player1.str1.4
                0x0008562c        0xe src/Task_player1.o
 *fill*         0x0008563a        0x2 
 .rodata.task_player2.str1.4
                0x0008563c        0xe src/Task_player2.o
 *fill*         0x0008564a        0x2 
 .rodata.main.str1.4
                0x0008564c       0x15 src/main.o
 *fill*         0x00085661        0x3 
 .rodata._global_impure_ptr
                0x00085664        0x4 c:/program files (x86)/atmel/studio/7.0/toolchain/arm/arm-gnu-toolchain/bin/../lib/gcc/arm-none-eabi/6.3.1/../../../../arm-none-eabi/lib/thumb/v7-m\libc.a(lib_a-impure.o)
                0x00085664                _global_impure_ptr
 .rodata._vfiprintf_r.str1.4
                0x00085668       0x2f c:/program files (x86)/atmel/studio/7.0/toolchain/arm/arm-gnu-toolchain/bin/../lib/gcc/arm-none-eabi/6.3.1/../../../../arm-none-eabi/lib/thumb/v7-m\libc.a(lib_a-vfiprintf.o)
 *fill*         0x00085697        0x1 
 .rodata.blanks.7217
                0x00085698       0x10 c:/program files (x86)/atmel/studio/7.0/toolchain/arm/arm-gnu-toolchain/bin/../lib/gcc/arm-none-eabi/6.3.1/../../../../arm-none-eabi/lib/thumb/v7-m\libc.a(lib_a-vfiprintf.o)
 .rodata.zeroes.7218
                0x000856a8       0x10 c:/program files (x86)/atmel/studio/7.0/toolchain/arm/arm-gnu-toolchain/bin/../lib/gcc/arm-none-eabi/6.3.1/../../../../arm-none-eabi/lib/thumb/v7-m\libc.a(lib_a-vfiprintf.o)
 .rodata._setlocale_r.str1.4
                0x000856b8        0xa c:/program files (x86)/atmel/studio/7.0/toolchain/arm/arm-gnu-toolchain/bin/../lib/gcc/arm-none-eabi/6.3.1/../../../../arm-none-eabi/lib/thumb/v7-m\libc.a(lib_a-locale.o)
                                  0xd (size before relaxing)
 *fill*         0x000856c2        0x2 
 .rodata.str1.4
                0x000856c4        0x4 c:/program files (x86)/atmel/studio/7.0/toolchain/arm/arm-gnu-toolchain/bin/../lib/gcc/arm-none-eabi/6.3.1/../../../../arm-none-eabi/lib/thumb/v7-m\libc.a(lib_a-locale.o)
                                  0x2 (size before relaxing)
 .rodata._ctype_
                0x000856c8      0x101 c:/program files (x86)/atmel/studio/7.0/toolchain/arm/arm-gnu-toolchain/bin/../lib/gcc/arm-none-eabi/6.3.1/../../../../arm-none-eabi/lib/thumb/v7-m\libc.a(lib_a-ctype_.o)
                0x000856c8                _ctype_
 *(.ARM.extab* .gnu.linkonce.armextab.*)
                0x000857cc                . = ALIGN (0x4)
 *fill*         0x000857c9        0x3 
 *(.init)
 .init          0x000857cc        0x4 c:/program files (x86)/atmel/studio/7.0/toolchain/arm/arm-gnu-toolchain/bin/../lib/gcc/arm-none-eabi/6.3.1/thumb/v7-m/crti.o
                0x000857cc                _init
 .init          0x000857d0        0x8 c:/program files (x86)/atmel/studio/7.0/toolchain/arm/arm-gnu-toolchain/bin/../lib/gcc/arm-none-eabi/6.3.1/thumb/v7-m/crtn.o
                0x000857d8                . = ALIGN (0x4)
                0x000857d8                __preinit_array_start = .
 *(.preinit_array)
                0x000857d8                __preinit_array_end = .
                0x000857d8                . = ALIGN (0x4)
                0x000857d8                __init_array_start = .
 *(SORT(.init_array.*))
 .init_array.00000
                0x000857d8        0x4 c:/program files (x86)/atmel/studio/7.0/toolchain/arm/arm-gnu-toolchain/bin/../lib/gcc/arm-none-eabi/6.3.1/../../../../arm-none-eabi/lib/thumb/v7-m\libc.a(lib_a-__call_atexit.o)
 *(.init_array)
 .init_array    0x000857dc        0x4 c:/program files (x86)/atmel/studio/7.0/toolchain/arm/arm-gnu-toolchain/bin/../lib/gcc/arm-none-eabi/6.3.1/thumb/v7-m/crtbegin.o
                0x000857e0                __init_array_end = .
                0x000857e0                . = ALIGN (0x4)
 *crtbegin.o(.ctors)
 *(EXCLUDE_FILE(*crtend.o) .ctors)
 *(SORT(.ctors.*))
 *crtend.o(.ctors)
                0x000857e0                . = ALIGN (0x4)
 *(.fini)
 .fini          0x000857e0        0x4 c:/program files (x86)/atmel/studio/7.0/toolchain/arm/arm-gnu-toolchain/bin/../lib/gcc/arm-none-eabi/6.3.1/thumb/v7-m/crti.o
                0x000857e0                _fini
 .fini          0x000857e4        0x8 c:/program files (x86)/atmel/studio/7.0/toolchain/arm/arm-gnu-toolchain/bin/../lib/gcc/arm-none-eabi/6.3.1/thumb/v7-m/crtn.o
                0x000857ec                . = ALIGN (0x4)
                0x000857ec                __fini_array_start = .
 *(.fini_array)
 .fini_array    0x000857ec        0x4 c:/program files (x86)/atmel/studio/7.0/toolchain/arm/arm-gnu-toolchain/bin/../lib/gcc/arm-none-eabi/6.3.1/thumb/v7-m/crtbegin.o
 *(SORT(.fini_array.*))
                0x000857f0                __fini_array_end = .
 *crtbegin.o(.dtors)
 *(EXCLUDE_FILE(*crtend.o) .dtors)
 *(SORT(.dtors.*))
 *crtend.o(.dtors)
                0x000857f0                . = ALIGN (0x4)
                0x000857f0                _efixed = .
                [!provide]                PROVIDE (__exidx_start, .)

.vfp11_veneer   0x000857f0        0x0
 .vfp11_veneer  0x000857f0        0x0 linker stubs

.v4_bx          0x000857f0        0x0
 .v4_bx         0x000857f0        0x0 linker stubs

.iplt           0x000857f0        0x0
 .iplt          0x000857f0        0x0 c:/program files (x86)/atmel/studio/7.0/toolchain/arm/arm-gnu-toolchain/bin/../lib/gcc/arm-none-eabi/6.3.1/thumb/v7-m/crtbegin.o

.ARM.exidx      0x000857f0        0x8
 *(.ARM.exidx* .gnu.linkonce.armexidx.*)
 .ARM.exidx     0x000857f0        0x8 c:/program files (x86)/atmel/studio/7.0/toolchain/arm/arm-gnu-toolchain/bin/../lib/gcc/arm-none-eabi/6.3.1/thumb/v7-m\libgcc.a(_udivmoddi4.o)
                [!provide]                PROVIDE (__exidx_end, .)

.eh_frame       0x000857f8        0x0
 .eh_frame      0x000857f8        0x0 c:/program files (x86)/atmel/studio/7.0/toolchain/arm/arm-gnu-toolchain/bin/../lib/gcc/arm-none-eabi/6.3.1/thumb/v7-m/crtbegin.o

.rel.dyn        0x000857f8        0x0
 .rel.iplt      0x000857f8        0x0 c:/program files (x86)/atmel/studio/7.0/toolchain/arm/arm-gnu-toolchain/bin/../lib/gcc/arm-none-eabi/6.3.1/thumb/v7-m/crtbegin.o

.jcr            0x000857f8        0x0
 .jcr           0x000857f8        0x0 c:/program files (x86)/atmel/studio/7.0/toolchain/arm/arm-gnu-toolchain/bin/../lib/gcc/arm-none-eabi/6.3.1/thumb/v7-m/crtbegin.o

.igot.plt       0x000857f8        0x0
 .igot.plt      0x000857f8        0x0 c:/program files (x86)/atmel/studio/7.0/toolchain/arm/arm-gnu-toolchain/bin/../lib/gcc/arm-none-eabi/6.3.1/thumb/v7-m/crtbegin.o
                0x000857f8                . = ALIGN (0x4)
                0x000857f8                _etext = .

.relocate       0x20070000      0xae8 load address 0x000857f8
                0x20070000                . = ALIGN (0x4)
                0x20070000                _srelocate = .
 *(.ramfunc .ramfunc.*)
 .ramfunc       0x20070000      0x12c src/ASF/sam/utils/cmsis/sam3x/source/templates/system_sam3x.o
                0x20070000                SystemInit
                0x200700a4                system_init_flash
 *(.data .data.*)
 .data.uxCriticalNesting
                0x2007012c        0x4 src/ASF/thirdparty/freertos/freertos-7.3.0/source/portable/gcc/sam/port.o
 .data.xFreeBytesRemaining
                0x20070130        0x4 src/ASF/thirdparty/freertos/freertos-7.3.0/source/portable/memmang/heap_4.o
 .data.xNextTaskUnblockTime
                0x20070134        0x4 src/ASF/thirdparty/freertos/freertos-7.3.0/source/tasks.o
 .data.SystemCoreClock
                0x20070138        0x4 src/ASF/sam/utils/cmsis/sam3x/source/templates/system_sam3x.o
                0x20070138                SystemCoreClock
 .data._impure_ptr
                0x2007013c        0x4 c:/program files (x86)/atmel/studio/7.0/toolchain/arm/arm-gnu-toolchain/bin/../lib/gcc/arm-none-eabi/6.3.1/../../../../arm-none-eabi/lib/thumb/v7-m\libc.a(lib_a-impure.o)
                0x2007013c                _impure_ptr
 .data.impure_data
                0x20070140      0x428 c:/program files (x86)/atmel/studio/7.0/toolchain/arm/arm-gnu-toolchain/bin/../lib/gcc/arm-none-eabi/6.3.1/../../../../arm-none-eabi/lib/thumb/v7-m\libc.a(lib_a-impure.o)
 .data.__atexit_recursive_mutex
                0x20070568        0x4 c:/program files (x86)/atmel/studio/7.0/toolchain/arm/arm-gnu-toolchain/bin/../lib/gcc/arm-none-eabi/6.3.1/../../../../arm-none-eabi/lib/thumb/v7-m\libc.a(lib_a-__call_atexit.o)
                0x20070568                __atexit_recursive_mutex
 .data.__global_locale
                0x2007056c      0x16c c:/program files (x86)/atmel/studio/7.0/toolchain/arm/arm-gnu-toolchain/bin/../lib/gcc/arm-none-eabi/6.3.1/../../../../arm-none-eabi/lib/thumb/v7-m\libc.a(lib_a-locale.o)
                0x2007056c                __global_locale
 .data.__malloc_av_
                0x200706d8      0x408 c:/program files (x86)/atmel/studio/7.0/toolchain/arm/arm-gnu-toolchain/bin/../lib/gcc/arm-none-eabi/6.3.1/../../../../arm-none-eabi/lib/thumb/v7-m\libc.a(lib_a-mallocr.o)
                0x200706d8                __malloc_av_
 .data.__malloc_sbrk_base
                0x20070ae0        0x4 c:/program files (x86)/atmel/studio/7.0/toolchain/arm/arm-gnu-toolchain/bin/../lib/gcc/arm-none-eabi/6.3.1/../../../../arm-none-eabi/lib/thumb/v7-m\libc.a(lib_a-mallocr.o)
                0x20070ae0                __malloc_sbrk_base
 .data.__malloc_trim_threshold
                0x20070ae4        0x4 c:/program files (x86)/atmel/studio/7.0/toolchain/arm/arm-gnu-toolchain/bin/../lib/gcc/arm-none-eabi/6.3.1/../../../../arm-none-eabi/lib/thumb/v7-m\libc.a(lib_a-mallocr.o)
                0x20070ae4                __malloc_trim_threshold
                0x20070ae8                . = ALIGN (0x4)
                0x20070ae8                _erelocate = .

.bss            0x20070ae8     0xa298 load address 0x000862e0
                0x20070ae8                . = ALIGN (0x4)
                0x20070ae8                _sbss = .
                0x20070ae8                _szero = .
 *(.bss .bss.*)
 .bss           0x20070ae8       0x1c c:/program files (x86)/atmel/studio/7.0/toolchain/arm/arm-gnu-toolchain/bin/../lib/gcc/arm-none-eabi/6.3.1/thumb/v7-m/crtbegin.o
 .bss.pxEnd     0x20070b04        0x4 src/ASF/thirdparty/freertos/freertos-7.3.0/source/portable/memmang/heap_4.o
 .bss.xHeap     0x20070b08     0xa000 src/ASF/thirdparty/freertos/freertos-7.3.0/source/portable/memmang/heap_4.o
 .bss.xStart    0x2007ab08        0x8 src/ASF/thirdparty/freertos/freertos-7.3.0/source/portable/memmang/heap_4.o
 .bss.pxCurrentTCB
                0x2007ab10        0x4 src/ASF/thirdparty/freertos/freertos-7.3.0/source/tasks.o
                0x2007ab10                pxCurrentTCB
 .bss.pxDelayedTaskList
                0x2007ab14        0x4 src/ASF/thirdparty/freertos/freertos-7.3.0/source/tasks.o
 .bss.pxOverflowDelayedTaskList
                0x2007ab18        0x4 src/ASF/thirdparty/freertos/freertos-7.3.0/source/tasks.o
 .bss.pxReadyTasksLists
                0x2007ab1c       0x64 src/ASF/thirdparty/freertos/freertos-7.3.0/source/tasks.o
 .bss.uxCurrentNumberOfTasks
                0x2007ab80        0x4 src/ASF/thirdparty/freertos/freertos-7.3.0/source/tasks.o
 .bss.uxMissedTicks
                0x2007ab84        0x4 src/ASF/thirdparty/freertos/freertos-7.3.0/source/tasks.o
 .bss.uxSchedulerSuspended
                0x2007ab88        0x4 src/ASF/thirdparty/freertos/freertos-7.3.0/source/tasks.o
 .bss.uxTaskNumber
                0x2007ab8c        0x4 src/ASF/thirdparty/freertos/freertos-7.3.0/source/tasks.o
 .bss.uxTasksDeleted
                0x2007ab90        0x4 src/ASF/thirdparty/freertos/freertos-7.3.0/source/tasks.o
 .bss.uxTopReadyPriority
                0x2007ab94        0x4 src/ASF/thirdparty/freertos/freertos-7.3.0/source/tasks.o
 .bss.uxTopUsedPriority
                0x2007ab98        0x4 src/ASF/thirdparty/freertos/freertos-7.3.0/source/tasks.o
 .bss.xDelayedTaskList1
                0x2007ab9c       0x14 src/ASF/thirdparty/freertos/freertos-7.3.0/source/tasks.o
 .bss.xDelayedTaskList2
                0x2007abb0       0x14 src/ASF/thirdparty/freertos/freertos-7.3.0/source/tasks.o
 .bss.xMissedYield
                0x2007abc4        0x4 src/ASF/thirdparty/freertos/freertos-7.3.0/source/tasks.o
 .bss.xNumOfOverflows
                0x2007abc8        0x4 src/ASF/thirdparty/freertos/freertos-7.3.0/source/tasks.o
 .bss.xPendingReadyList
                0x2007abcc       0x14 src/ASF/thirdparty/freertos/freertos-7.3.0/source/tasks.o
 .bss.xSchedulerRunning
                0x2007abe0        0x4 src/ASF/thirdparty/freertos/freertos-7.3.0/source/tasks.o
 .bss.xSuspendedTaskList
                0x2007abe4       0x14 src/ASF/thirdparty/freertos/freertos-7.3.0/source/tasks.o
 .bss.xTasksWaitingTermination
                0x2007abf8       0x14 src/ASF/thirdparty/freertos/freertos-7.3.0/source/tasks.o
 .bss.xTickCount
                0x2007ac0c        0x4 src/ASF/thirdparty/freertos/freertos-7.3.0/source/tasks.o
 .bss.pxCurrentTimerList
                0x2007ac10        0x4 src/ASF/thirdparty/freertos/freertos-7.3.0/source/timers.o
 .bss.pxOverflowTimerList
                0x2007ac14        0x4 src/ASF/thirdparty/freertos/freertos-7.3.0/source/timers.o
 .bss.xActiveTimerList1
                0x2007ac18       0x14 src/ASF/thirdparty/freertos/freertos-7.3.0/source/timers.o
 .bss.xActiveTimerList2
                0x2007ac2c       0x14 src/ASF/thirdparty/freertos/freertos-7.3.0/source/timers.o
 .bss.xLastTime.4541
                0x2007ac40        0x4 src/ASF/thirdparty/freertos/freertos-7.3.0/source/timers.o
 .bss.xTimerQueue
                0x2007ac44        0x4 src/ASF/thirdparty/freertos/freertos-7.3.0/source/timers.o
 .bss.button1   0x2007ac48        0x4 src/Task_game.o
                0x2007ac48                button1
 .bss.button2   0x2007ac4c        0x4 src/Task_game.o
                0x2007ac4c                button2
 .bss.gs_interrupt_sources
                0x2007ac50       0x70 src/ASF/sam/drivers/pio/pio_handler.o
 .bss.heap.5297
                0x2007acc0        0x4 src/ASF/sam/utils/syscalls/gcc/syscalls.o
 .bss.__malloc_current_mallinfo
                0x2007acc4       0x28 c:/program files (x86)/atmel/studio/7.0/toolchain/arm/arm-gnu-toolchain/bin/../lib/gcc/arm-none-eabi/6.3.1/../../../../arm-none-eabi/lib/thumb/v7-m\libc.a(lib_a-mallocr.o)
                0x2007acc4                __malloc_current_mallinfo
 .bss.__malloc_max_sbrked_mem
                0x2007acec        0x4 c:/program files (x86)/atmel/studio/7.0/toolchain/arm/arm-gnu-toolchain/bin/../lib/gcc/arm-none-eabi/6.3.1/../../../../arm-none-eabi/lib/thumb/v7-m\libc.a(lib_a-mallocr.o)
                0x2007acec                __malloc_max_sbrked_mem
 .bss.__malloc_max_total_mem
                0x2007acf0        0x4 c:/program files (x86)/atmel/studio/7.0/toolchain/arm/arm-gnu-toolchain/bin/../lib/gcc/arm-none-eabi/6.3.1/../../../../arm-none-eabi/lib/thumb/v7-m\libc.a(lib_a-mallocr.o)
                0x2007acf0                __malloc_max_total_mem
 .bss.__malloc_top_pad
                0x2007acf4        0x4 c:/program files (x86)/atmel/studio/7.0/toolchain/arm/arm-gnu-toolchain/bin/../lib/gcc/arm-none-eabi/6.3.1/../../../../arm-none-eabi/lib/thumb/v7-m\libc.a(lib_a-mallocr.o)
                0x2007acf4                __malloc_top_pad
 *(COMMON)
 COMMON         0x2007acf8        0x4 src/ASF/common/utils/stdio/read.o
                0x2007acf8                ptr_get
 COMMON         0x2007acfc        0x8 src/ASF/common/utils/stdio/write.o
                0x2007acfc                ptr_put
                0x2007ad00                stdio_base
 COMMON         0x2007ad04       0x54 src/Task_game.o
                0x2007ad04                myTrng
 COMMON         0x2007ad58       0x21 c:/program files (x86)/atmel/studio/7.0/toolchain/arm/arm-gnu-toolchain/bin/../lib/gcc/arm-none-eabi/6.3.1/../../../../arm-none-eabi/lib/thumb/v7-m\libc.a(lib_a-lock.o)
                0x2007ad58                __lock___atexit_recursive_mutex
                0x2007ad5c                __lock___arc4random_mutex
                0x2007ad60                __lock___env_recursive_mutex
                0x2007ad64                __lock___sinit_recursive_mutex
                0x2007ad68                __lock___malloc_recursive_mutex
                0x2007ad6c                __lock___at_quick_exit_mutex
                0x2007ad70                __lock___dd_hash_mutex
                0x2007ad74                __lock___tz_mutex
                0x2007ad78                __lock___sfp_recursive_mutex
 *fill*         0x2007ad79        0x3 
 COMMON         0x2007ad7c        0x4 c:/program files (x86)/atmel/studio/7.0/toolchain/arm/arm-gnu-toolchain/bin/../lib/gcc/arm-none-eabi/6.3.1/../../../../arm-none-eabi/lib/thumb/v7-m\libc.a(lib_a-reent.o)
                0x2007ad7c                errno
                0x2007ad80                . = ALIGN (0x4)
                0x2007ad80                _ebss = .
                0x2007ad80                _ezero = .

.stack          0x2007ad80     0x2000 load address 0x00090578
                0x2007ad80                . = ALIGN (0x8)
                0x2007ad80                _sstack = .
                0x2007cd80                . = (. + __stack_size__)
 *fill*         0x2007ad80     0x2000 
                0x2007cd80                . = ALIGN (0x8)
                0x2007cd80                _estack = .
                0x2007cd80                . = ALIGN (0x4)
                0x2007cd80                _end = .
OUTPUT(GlabbenRTOS.elf elf32-littlearm)

.ARM.attributes
                0x00000000       0x29
 .ARM.attributes
                0x00000000       0x1d c:/program files (x86)/atmel/studio/7.0/toolchain/arm/arm-gnu-toolchain/bin/../lib/gcc/arm-none-eabi/6.3.1/thumb/v7-m/crti.o
 .ARM.attributes
                0x0000001d       0x2d c:/program files (x86)/atmel/studio/7.0/toolchain/arm/arm-gnu-toolchain/bin/../lib/gcc/arm-none-eabi/6.3.1/thumb/v7-m/crtbegin.o
 .ARM.attributes
                0x0000004a       0x33 src/adcFunctions.o
 .ARM.attributes
                0x0000007d       0x33 src/ASF/common/utils/stdio/read.o
 .ARM.attributes
                0x000000b0       0x33 src/ASF/sam/drivers/adc/adc.o
 .ARM.attributes
                0x000000e3       0x33 src/ASF/sam/drivers/trng/trng.o
 .ARM.attributes
                0x00000116       0x33 src/ASF/sam/drivers/usart/usart.o
 .ARM.attributes
                0x00000149       0x33 src/buttons.o
 .ARM.attributes
                0x0000017c       0x33 src/ConsoleFunctions.o
 .ARM.attributes
                0x000001af       0x33 src/DelayFunctions.o
 .ARM.attributes
                0x000001e2       0x33 src/LCDFunctions.o
 .ARM.attributes
                0x00000215       0x33 src/ASF/thirdparty/freertos/freertos-7.3.0/source/list.o
 .ARM.attributes
                0x00000248       0x33 src/ASF/thirdparty/freertos/freertos-7.3.0/source/portable/gcc/sam/port.o
 .ARM.attributes
                0x0000027b       0x33 src/ASF/thirdparty/freertos/freertos-7.3.0/source/portable/memmang/heap_4.o
 .ARM.attributes
                0x000002ae       0x33 src/ASF/thirdparty/freertos/freertos-7.3.0/source/queue.o
 .ARM.attributes
                0x000002e1       0x33 src/ASF/thirdparty/freertos/freertos-7.3.0/source/tasks.o
 .ARM.attributes
                0x00000314       0x33 src/ASF/thirdparty/freertos/freertos-7.3.0/source/timers.o
 .ARM.attributes
                0x00000347       0x33 src/ASF/common/utils/stdio/write.o
 .ARM.attributes
                0x0000037a       0x33 src/ASF/sam/drivers/tc/tc.o
 .ARM.attributes
                0x000003ad       0x33 src/ASF/sam/drivers/uart/uart.o
 .ARM.attributes
                0x000003e0       0x33 src/Task_game.o
 .ARM.attributes
                0x00000413       0x33 src/Task_player1.o
 .ARM.attributes
                0x00000446       0x33 src/Task_player2.o
 .ARM.attributes
                0x00000479       0x33 src/ASF/common/services/clock/sam3x/sysclk.o
 .ARM.attributes
                0x000004ac       0x33 src/ASF/sam/boards/arduino_due_x/init.o
 .ARM.attributes
                0x000004df       0x33 src/ASF/sam/drivers/pio/pio.o
 .ARM.attributes
                0x00000512       0x33 src/ASF/sam/drivers/pio/pio_handler.o
 .ARM.attributes
                0x00000545       0x33 src/ASF/sam/drivers/pmc/pmc.o
 .ARM.attributes
                0x00000578       0x33 src/ASF/sam/utils/cmsis/sam3x/source/templates/exceptions.o
 .ARM.attributes
                0x000005ab       0x33 src/ASF/sam/utils/cmsis/sam3x/source/templates/gcc/startup_sam3x.o
 .ARM.attributes
                0x000005de       0x33 src/ASF/sam/utils/cmsis/sam3x/source/templates/system_sam3x.o
 .ARM.attributes
                0x00000611       0x33 src/ASF/sam/utils/syscalls/gcc/syscalls.o
 .ARM.attributes
                0x00000644       0x33 src/main.o
 .ARM.attributes
                0x00000677       0x2d c:/program files (x86)/atmel/studio/7.0/toolchain/arm/arm-gnu-toolchain/bin/../lib/gcc/arm-none-eabi/6.3.1/../../../../arm-none-eabi/lib/thumb/v7-m\libc.a(lib_a-impure.o)
 .ARM.attributes
                0x000006a4       0x2d c:/program files (x86)/atmel/studio/7.0/toolchain/arm/arm-gnu-toolchain/bin/../lib/gcc/arm-none-eabi/6.3.1/../../../../arm-none-eabi/lib/thumb/v7-m\libc.a(lib_a-init.o)
 .ARM.attributes
                0x000006d1       0x2d c:/program files (x86)/atmel/studio/7.0/toolchain/arm/arm-gnu-toolchain/bin/../lib/gcc/arm-none-eabi/6.3.1/../../../../arm-none-eabi/lib/thumb/v7-m\libc.a(lib_a-iprintf.o)
 .ARM.attributes
                0x000006fe       0x1b c:/program files (x86)/atmel/studio/7.0/toolchain/arm/arm-gnu-toolchain/bin/../lib/gcc/arm-none-eabi/6.3.1/../../../../arm-none-eabi/lib/thumb/v7-m\libc.a(lib_a-memcpy.o)
 .ARM.attributes
                0x00000719       0x2d c:/program files (x86)/atmel/studio/7.0/toolchain/arm/arm-gnu-toolchain/bin/../lib/gcc/arm-none-eabi/6.3.1/../../../../arm-none-eabi/lib/thumb/v7-m\libc.a(lib_a-memset.o)
 .ARM.attributes
                0x00000746       0x2d c:/program files (x86)/atmel/studio/7.0/toolchain/arm/arm-gnu-toolchain/bin/../lib/gcc/arm-none-eabi/6.3.1/../../../../arm-none-eabi/lib/thumb/v7-m\libc.a(lib_a-setbuf.o)
 .ARM.attributes
                0x00000773       0x2d c:/program files (x86)/atmel/studio/7.0/toolchain/arm/arm-gnu-toolchain/bin/../lib/gcc/arm-none-eabi/6.3.1/../../../../arm-none-eabi/lib/thumb/v7-m\libc.a(lib_a-setvbuf.o)
 .ARM.attributes
                0x000007a0       0x2d c:/program files (x86)/atmel/studio/7.0/toolchain/arm/arm-gnu-toolchain/bin/../lib/gcc/arm-none-eabi/6.3.1/../../../../arm-none-eabi/lib/thumb/v7-m\libc.a(lib_a-strlen-stub.o)
 .ARM.attributes
                0x000007cd       0x2d c:/program files (x86)/atmel/studio/7.0/toolchain/arm/arm-gnu-toolchain/bin/../lib/gcc/arm-none-eabi/6.3.1/../../../../arm-none-eabi/lib/thumb/v7-m\libc.a(lib_a-strncpy.o)
 .ARM.attributes
                0x000007fa       0x2d c:/program files (x86)/atmel/studio/7.0/toolchain/arm/arm-gnu-toolchain/bin/../lib/gcc/arm-none-eabi/6.3.1/../../../../arm-none-eabi/lib/thumb/v7-m\libc.a(lib_a-vfiprintf.o)
 .ARM.attributes
                0x00000827       0x2d c:/program files (x86)/atmel/studio/7.0/toolchain/arm/arm-gnu-toolchain/bin/../lib/gcc/arm-none-eabi/6.3.1/../../../../arm-none-eabi/lib/thumb/v7-m\libc.a(lib_a-wsetup.o)
 .ARM.attributes
                0x00000854       0x2d c:/program files (x86)/atmel/studio/7.0/toolchain/arm/arm-gnu-toolchain/bin/../lib/gcc/arm-none-eabi/6.3.1/../../../../arm-none-eabi/lib/thumb/v7-m\libc.a(lib_a-__call_atexit.o)
 .ARM.attributes
                0x00000881       0x2d c:/program files (x86)/atmel/studio/7.0/toolchain/arm/arm-gnu-toolchain/bin/../lib/gcc/arm-none-eabi/6.3.1/../../../../arm-none-eabi/lib/thumb/v7-m\libc.a(lib_a-atexit.o)
 .ARM.attributes
                0x000008ae       0x2d c:/program files (x86)/atmel/studio/7.0/toolchain/arm/arm-gnu-toolchain/bin/../lib/gcc/arm-none-eabi/6.3.1/../../../../arm-none-eabi/lib/thumb/v7-m\libc.a(lib_a-fflush.o)
 .ARM.attributes
                0x000008db       0x2d c:/program files (x86)/atmel/studio/7.0/toolchain/arm/arm-gnu-toolchain/bin/../lib/gcc/arm-none-eabi/6.3.1/../../../../arm-none-eabi/lib/thumb/v7-m\libc.a(lib_a-findfp.o)
 .ARM.attributes
                0x00000908       0x2d c:/program files (x86)/atmel/studio/7.0/toolchain/arm/arm-gnu-toolchain/bin/../lib/gcc/arm-none-eabi/6.3.1/../../../../arm-none-eabi/lib/thumb/v7-m\libc.a(lib_a-fini.o)
 .ARM.attributes
                0x00000935       0x2d c:/program files (x86)/atmel/studio/7.0/toolchain/arm/arm-gnu-toolchain/bin/../lib/gcc/arm-none-eabi/6.3.1/../../../../arm-none-eabi/lib/thumb/v7-m\libc.a(lib_a-fputwc.o)
 .ARM.attributes
                0x00000962       0x2d c:/program files (x86)/atmel/studio/7.0/toolchain/arm/arm-gnu-toolchain/bin/../lib/gcc/arm-none-eabi/6.3.1/../../../../arm-none-eabi/lib/thumb/v7-m\libc.a(lib_a-freer.o)
 .ARM.attributes
                0x0000098f       0x2d c:/program files (x86)/atmel/studio/7.0/toolchain/arm/arm-gnu-toolchain/bin/../lib/gcc/arm-none-eabi/6.3.1/../../../../arm-none-eabi/lib/thumb/v7-m\libc.a(lib_a-fvwrite.o)
 .ARM.attributes
                0x000009bc       0x2d c:/program files (x86)/atmel/studio/7.0/toolchain/arm/arm-gnu-toolchain/bin/../lib/gcc/arm-none-eabi/6.3.1/../../../../arm-none-eabi/lib/thumb/v7-m\libc.a(lib_a-fwalk.o)
 .ARM.attributes
                0x000009e9       0x2d c:/program files (x86)/atmel/studio/7.0/toolchain/arm/arm-gnu-toolchain/bin/../lib/gcc/arm-none-eabi/6.3.1/../../../../arm-none-eabi/lib/thumb/v7-m\libc.a(lib_a-locale.o)
 .ARM.attributes
                0x00000a16       0x2d c:/program files (x86)/atmel/studio/7.0/toolchain/arm/arm-gnu-toolchain/bin/../lib/gcc/arm-none-eabi/6.3.1/../../../../arm-none-eabi/lib/thumb/v7-m\libc.a(lib_a-lock.o)
 .ARM.attributes
                0x00000a43       0x2d c:/program files (x86)/atmel/studio/7.0/toolchain/arm/arm-gnu-toolchain/bin/../lib/gcc/arm-none-eabi/6.3.1/../../../../arm-none-eabi/lib/thumb/v7-m\libc.a(lib_a-makebuf.o)
 .ARM.attributes
                0x00000a70       0x2d c:/program files (x86)/atmel/studio/7.0/toolchain/arm/arm-gnu-toolchain/bin/../lib/gcc/arm-none-eabi/6.3.1/../../../../arm-none-eabi/lib/thumb/v7-m\libc.a(lib_a-malloc.o)
 .ARM.attributes
                0x00000a9d       0x2d c:/program files (x86)/atmel/studio/7.0/toolchain/arm/arm-gnu-toolchain/bin/../lib/gcc/arm-none-eabi/6.3.1/../../../../arm-none-eabi/lib/thumb/v7-m\libc.a(lib_a-mallocr.o)
 .ARM.attributes
                0x00000aca       0x2d c:/program files (x86)/atmel/studio/7.0/toolchain/arm/arm-gnu-toolchain/bin/../lib/gcc/arm-none-eabi/6.3.1/../../../../arm-none-eabi/lib/thumb/v7-m\libc.a(lib_a-mbtowc_r.o)
 .ARM.attributes
                0x00000af7       0x2d c:/program files (x86)/atmel/studio/7.0/toolchain/arm/arm-gnu-toolchain/bin/../lib/gcc/arm-none-eabi/6.3.1/../../../../arm-none-eabi/lib/thumb/v7-m\libc.a(lib_a-memchr-stub.o)
 .ARM.attributes
                0x00000b24       0x2d c:/program files (x86)/atmel/studio/7.0/toolchain/arm/arm-gnu-toolchain/bin/../lib/gcc/arm-none-eabi/6.3.1/../../../../arm-none-eabi/lib/thumb/v7-m\libc.a(lib_a-memmove.o)
 .ARM.attributes
                0x00000b51       0x2d c:/program files (x86)/atmel/studio/7.0/toolchain/arm/arm-gnu-toolchain/bin/../lib/gcc/arm-none-eabi/6.3.1/../../../../arm-none-eabi/lib/thumb/v7-m\libc.a(lib_a-mlock.o)
 .ARM.attributes
                0x00000b7e       0x2d c:/program files (x86)/atmel/studio/7.0/toolchain/arm/arm-gnu-toolchain/bin/../lib/gcc/arm-none-eabi/6.3.1/../../../../arm-none-eabi/lib/thumb/v7-m\libc.a(lib_a-reallocr.o)
 .ARM.attributes
                0x00000bab       0x2d c:/program files (x86)/atmel/studio/7.0/toolchain/arm/arm-gnu-toolchain/bin/../lib/gcc/arm-none-eabi/6.3.1/../../../../arm-none-eabi/lib/thumb/v7-m\libc.a(lib_a-sbrkr.o)
 .ARM.attributes
                0x00000bd8       0x2d c:/program files (x86)/atmel/studio/7.0/toolchain/arm/arm-gnu-toolchain/bin/../lib/gcc/arm-none-eabi/6.3.1/../../../../arm-none-eabi/lib/thumb/v7-m\libc.a(lib_a-stdio.o)
 .ARM.attributes
                0x00000c05       0x2d c:/program files (x86)/atmel/studio/7.0/toolchain/arm/arm-gnu-toolchain/bin/../lib/gcc/arm-none-eabi/6.3.1/../../../../arm-none-eabi/lib/thumb/v7-m\libc.a(lib_a-wbuf.o)
 .ARM.attributes
                0x00000c32       0x2d c:/program files (x86)/atmel/studio/7.0/toolchain/arm/arm-gnu-toolchain/bin/../lib/gcc/arm-none-eabi/6.3.1/../../../../arm-none-eabi/lib/thumb/v7-m\libc.a(lib_a-wcrtomb.o)
 .ARM.attributes
                0x00000c5f       0x2d c:/program files (x86)/atmel/studio/7.0/toolchain/arm/arm-gnu-toolchain/bin/../lib/gcc/arm-none-eabi/6.3.1/../../../../arm-none-eabi/lib/thumb/v7-m\libc.a(lib_a-wctomb_r.o)
 .ARM.attributes
                0x00000c8c       0x2d c:/program files (x86)/atmel/studio/7.0/toolchain/arm/arm-gnu-toolchain/bin/../lib/gcc/arm-none-eabi/6.3.1/../../../../arm-none-eabi/lib/thumb/v7-m\libc.a(lib_a-writer.o)
 .ARM.attributes
                0x00000cb9       0x2d c:/program files (x86)/atmel/studio/7.0/toolchain/arm/arm-gnu-toolchain/bin/../lib/gcc/arm-none-eabi/6.3.1/../../../../arm-none-eabi/lib/thumb/v7-m\libc.a(lib_a-__atexit.o)
 .ARM.attributes
                0x00000ce6       0x2d c:/program files (x86)/atmel/studio/7.0/toolchain/arm/arm-gnu-toolchain/bin/../lib/gcc/arm-none-eabi/6.3.1/../../../../arm-none-eabi/lib/thumb/v7-m\libc.a(lib_a-closer.o)
 .ARM.attributes
                0x00000d13       0x2d c:/program files (x86)/atmel/studio/7.0/toolchain/arm/arm-gnu-toolchain/bin/../lib/gcc/arm-none-eabi/6.3.1/../../../../arm-none-eabi/lib/thumb/v7-m\libc.a(lib_a-ctype_.o)
 .ARM.attributes
                0x00000d40       0x2d c:/program files (x86)/atmel/studio/7.0/toolchain/arm/arm-gnu-toolchain/bin/../lib/gcc/arm-none-eabi/6.3.1/../../../../arm-none-eabi/lib/thumb/v7-m\libc.a(lib_a-fclose.o)
 .ARM.attributes
                0x00000d6d       0x2d c:/program files (x86)/atmel/studio/7.0/toolchain/arm/arm-gnu-toolchain/bin/../lib/gcc/arm-none-eabi/6.3.1/../../../../arm-none-eabi/lib/thumb/v7-m\libc.a(lib_a-fstatr.o)
 .ARM.attributes
                0x00000d9a       0x2d c:/program files (x86)/atmel/studio/7.0/toolchain/arm/arm-gnu-toolchain/bin/../lib/gcc/arm-none-eabi/6.3.1/../../../../arm-none-eabi/lib/thumb/v7-m\libc.a(lib_a-isattyr.o)
 .ARM.attributes
                0x00000dc7       0x2d c:/program files (x86)/atmel/studio/7.0/toolchain/arm/arm-gnu-toolchain/bin/../lib/gcc/arm-none-eabi/6.3.1/../../../../arm-none-eabi/lib/thumb/v7-m\libc.a(lib_a-lseekr.o)
 .ARM.attributes
                0x00000df4       0x2d c:/program files (x86)/atmel/studio/7.0/toolchain/arm/arm-gnu-toolchain/bin/../lib/gcc/arm-none-eabi/6.3.1/../../../../arm-none-eabi/lib/thumb/v7-m\libc.a(lib_a-readr.o)
 .ARM.attributes
                0x00000e21       0x2d c:/program files (x86)/atmel/studio/7.0/toolchain/arm/arm-gnu-toolchain/bin/../lib/gcc/arm-none-eabi/6.3.1/../../../../arm-none-eabi/lib/thumb/v7-m\libc.a(lib_a-reent.o)
 .ARM.attributes
                0x00000e4e       0x1d c:/program files (x86)/atmel/studio/7.0/toolchain/arm/arm-gnu-toolchain/bin/../lib/gcc/arm-none-eabi/6.3.1/thumb/v7-m\libgcc.a(_aeabi_uldivmod.o)
 .ARM.attributes
                0x00000e6b       0x2d c:/program files (x86)/atmel/studio/7.0/toolchain/arm/arm-gnu-toolchain/bin/../lib/gcc/arm-none-eabi/6.3.1/thumb/v7-m\libgcc.a(_udivmoddi4.o)
 .ARM.attributes
                0x00000e98       0x1d c:/program files (x86)/atmel/studio/7.0/toolchain/arm/arm-gnu-toolchain/bin/../lib/gcc/arm-none-eabi/6.3.1/thumb/v7-m\libgcc.a(_dvmd_tls.o)
 .ARM.attributes
                0x00000eb5       0x1d c:/program files (x86)/atmel/studio/7.0/toolchain/arm/arm-gnu-toolchain/bin/../lib/gcc/arm-none-eabi/6.3.1/thumb/v7-m/crtn.o

.comment        0x00000000       0x59
 .comment       0x00000000       0x59 src/adcFunctions.o
                                 0x5a (size before relaxing)
 .comment       0x00000059       0x5a src/ASF/common/utils/stdio/read.o
 .comment       0x00000059       0x5a src/ASF/sam/drivers/adc/adc.o
 .comment       0x00000059       0x5a src/ASF/sam/drivers/trng/trng.o
 .comment       0x00000059       0x5a src/ASF/sam/drivers/usart/usart.o
 .comment       0x00000059       0x5a src/buttons.o
 .comment       0x00000059       0x5a src/ConsoleFunctions.o
 .comment       0x00000059       0x5a src/DelayFunctions.o
 .comment       0x00000059       0x5a src/LCDFunctions.o
 .comment       0x00000059       0x5a src/ASF/thirdparty/freertos/freertos-7.3.0/source/list.o
 .comment       0x00000059       0x5a src/ASF/thirdparty/freertos/freertos-7.3.0/source/portable/gcc/sam/port.o
 .comment       0x00000059       0x5a src/ASF/thirdparty/freertos/freertos-7.3.0/source/portable/memmang/heap_4.o
 .comment       0x00000059       0x5a src/ASF/thirdparty/freertos/freertos-7.3.0/source/queue.o
 .comment       0x00000059       0x5a src/ASF/thirdparty/freertos/freertos-7.3.0/source/tasks.o
 .comment       0x00000059       0x5a src/ASF/thirdparty/freertos/freertos-7.3.0/source/timers.o
 .comment       0x00000059       0x5a src/ASF/common/utils/stdio/write.o
 .comment       0x00000059       0x5a src/ASF/sam/drivers/tc/tc.o
 .comment       0x00000059       0x5a src/ASF/sam/drivers/uart/uart.o
 .comment       0x00000059       0x5a src/Task_game.o
 .comment       0x00000059       0x5a src/Task_player1.o
 .comment       0x00000059       0x5a src/Task_player2.o
 .comment       0x00000059       0x5a src/ASF/common/services/clock/sam3x/sysclk.o
 .comment       0x00000059       0x5a src/ASF/sam/boards/arduino_due_x/init.o
 .comment       0x00000059       0x5a src/ASF/sam/drivers/pio/pio.o
 .comment       0x00000059       0x5a src/ASF/sam/drivers/pio/pio_handler.o
 .comment       0x00000059       0x5a src/ASF/sam/drivers/pmc/pmc.o
 .comment       0x00000059       0x5a src/ASF/sam/utils/cmsis/sam3x/source/templates/exceptions.o
 .comment       0x00000059       0x5a src/ASF/sam/utils/cmsis/sam3x/source/templates/gcc/startup_sam3x.o
 .comment       0x00000059       0x5a src/ASF/sam/utils/cmsis/sam3x/source/templates/system_sam3x.o
 .comment       0x00000059       0x5a src/ASF/sam/utils/syscalls/gcc/syscalls.o
 .comment       0x00000059       0x5a src/main.o

.debug_info     0x00000000    0x23cf9
 .debug_info    0x00000000      0xfb5 src/adcFunctions.o
 .debug_info    0x00000fb5      0xac9 src/ASF/common/utils/stdio/read.o
 .debug_info    0x00001a7e     0x1af7 src/ASF/sam/drivers/adc/adc.o
 .debug_info    0x00003575      0xc21 src/ASF/sam/drivers/trng/trng.o
 .debug_info    0x00004196     0x24e3 src/ASF/sam/drivers/usart/usart.o
 .debug_info    0x00006679      0xa1d src/buttons.o
 .debug_info    0x00007096     0x13a7 src/ConsoleFunctions.o
 .debug_info    0x0000843d      0xdc5 src/DelayFunctions.o
 .debug_info    0x00009202     0x1ff2 src/LCDFunctions.o
 .debug_info    0x0000b1f4      0xbbd src/ASF/thirdparty/freertos/freertos-7.3.0/source/list.o
 .debug_info    0x0000bdb1      0xcbd src/ASF/thirdparty/freertos/freertos-7.3.0/source/portable/gcc/sam/port.o
 .debug_info    0x0000ca6e      0xcb1 src/ASF/thirdparty/freertos/freertos-7.3.0/source/portable/memmang/heap_4.o
 .debug_info    0x0000d71f     0x1b63 src/ASF/thirdparty/freertos/freertos-7.3.0/source/queue.o
 .debug_info    0x0000f282     0x243f src/ASF/thirdparty/freertos/freertos-7.3.0/source/tasks.o
 .debug_info    0x000116c1      0xcb5 src/ASF/thirdparty/freertos/freertos-7.3.0/source/timers.o
 .debug_info    0x00012376      0xac6 src/ASF/common/utils/stdio/write.o
 .debug_info    0x00012e3c     0x125d src/ASF/sam/drivers/tc/tc.o
 .debug_info    0x00014099     0x119c src/ASF/sam/drivers/uart/uart.o
 .debug_info    0x00015235     0x1644 src/Task_game.o
 .debug_info    0x00016879      0xe64 src/Task_player1.o
 .debug_info    0x000176dd      0xe64 src/Task_player2.o
 .debug_info    0x00018541     0x11ad src/ASF/common/services/clock/sam3x/sysclk.o
 .debug_info    0x000196ee     0x108a src/ASF/sam/boards/arduino_due_x/init.o
 .debug_info    0x0001a778     0x1c61 src/ASF/sam/drivers/pio/pio.o
 .debug_info    0x0001c3d9     0x17be src/ASF/sam/drivers/pio/pio_handler.o
 .debug_info    0x0001db97     0x1a59 src/ASF/sam/drivers/pmc/pmc.o
 .debug_info    0x0001f5f0      0xa39 src/ASF/sam/utils/cmsis/sam3x/source/templates/exceptions.o
 .debug_info    0x00020029      0xd1b src/ASF/sam/utils/cmsis/sam3x/source/templates/gcc/startup_sam3x.o
 .debug_info    0x00020d44      0xdc2 src/ASF/sam/utils/cmsis/sam3x/source/templates/system_sam3x.o
 .debug_info    0x00021b06      0xdb0 src/ASF/sam/utils/syscalls/gcc/syscalls.o
 .debug_info    0x000228b6     0x1443 src/main.o

.debug_abbrev   0x00000000     0x530c
 .debug_abbrev  0x00000000      0x269 src/adcFunctions.o
 .debug_abbrev  0x00000269      0x1fe src/ASF/common/utils/stdio/read.o
 .debug_abbrev  0x00000467      0x337 src/ASF/sam/drivers/adc/adc.o
 .debug_abbrev  0x0000079e      0x1f8 src/ASF/sam/drivers/trng/trng.o
 .debug_abbrev  0x00000996      0x406 src/ASF/sam/drivers/usart/usart.o
 .debug_abbrev  0x00000d9c      0x1d3 src/buttons.o
 .debug_abbrev  0x00000f6f      0x337 src/ConsoleFunctions.o
 .debug_abbrev  0x000012a6      0x219 src/DelayFunctions.o
 .debug_abbrev  0x000014bf      0x31a src/LCDFunctions.o
 .debug_abbrev  0x000017d9      0x221 src/ASF/thirdparty/freertos/freertos-7.3.0/source/list.o
 .debug_abbrev  0x000019fa      0x340 src/ASF/thirdparty/freertos/freertos-7.3.0/source/portable/gcc/sam/port.o
 .debug_abbrev  0x00001d3a      0x32d src/ASF/thirdparty/freertos/freertos-7.3.0/source/portable/memmang/heap_4.o
 .debug_abbrev  0x00002067      0x359 src/ASF/thirdparty/freertos/freertos-7.3.0/source/queue.o
 .debug_abbrev  0x000023c0      0x3a8 src/ASF/thirdparty/freertos/freertos-7.3.0/source/tasks.o
 .debug_abbrev  0x00002768      0x28a src/ASF/thirdparty/freertos/freertos-7.3.0/source/timers.o
 .debug_abbrev  0x000029f2      0x1e9 src/ASF/common/utils/stdio/write.o
 .debug_abbrev  0x00002bdb      0x293 src/ASF/sam/drivers/tc/tc.o
 .debug_abbrev  0x00002e6e      0x288 src/ASF/sam/drivers/uart/uart.o
 .debug_abbrev  0x000030f6      0x348 src/Task_game.o
 .debug_abbrev  0x0000343e      0x22f src/Task_player1.o
 .debug_abbrev  0x0000366d      0x22f src/Task_player2.o
 .debug_abbrev  0x0000389c      0x330 src/ASF/common/services/clock/sam3x/sysclk.o
 .debug_abbrev  0x00003bcc      0x262 src/ASF/sam/boards/arduino_due_x/init.o
 .debug_abbrev  0x00003e2e      0x3c7 src/ASF/sam/drivers/pio/pio.o
 .debug_abbrev  0x000041f5      0x329 src/ASF/sam/drivers/pio/pio_handler.o
 .debug_abbrev  0x0000451e      0x335 src/ASF/sam/drivers/pmc/pmc.o
 .debug_abbrev  0x00004853      0x1a4 src/ASF/sam/utils/cmsis/sam3x/source/templates/exceptions.o
 .debug_abbrev  0x000049f7      0x1f2 src/ASF/sam/utils/cmsis/sam3x/source/templates/gcc/startup_sam3x.o
 .debug_abbrev  0x00004be9      0x1f4 src/ASF/sam/utils/cmsis/sam3x/source/templates/system_sam3x.o
 .debug_abbrev  0x00004ddd      0x264 src/ASF/sam/utils/syscalls/gcc/syscalls.o
 .debug_abbrev  0x00005041      0x2cb src/main.o

.debug_loc      0x00000000     0x86eb
 .debug_loc     0x00000000       0xc7 src/adcFunctions.o
 .debug_loc     0x000000c7       0xb3 src/ASF/common/utils/stdio/read.o
 .debug_loc     0x0000017a      0x9a4 src/ASF/sam/drivers/adc/adc.o
 .debug_loc     0x00000b1e       0x63 src/ASF/sam/drivers/trng/trng.o
 .debug_loc     0x00000b81     0x1062 src/ASF/sam/drivers/usart/usart.o
 .debug_loc     0x00001be3       0xb3 src/buttons.o
 .debug_loc     0x00001c96      0x34a src/ConsoleFunctions.o
 .debug_loc     0x00001fe0       0x6c src/DelayFunctions.o
 .debug_loc     0x0000204c      0x6d9 src/LCDFunctions.o
 .debug_loc     0x00002725       0xa8 src/ASF/thirdparty/freertos/freertos-7.3.0/source/list.o
 .debug_loc     0x000027cd      0x100 src/ASF/thirdparty/freertos/freertos-7.3.0/source/portable/gcc/sam/port.o
 .debug_loc     0x000028cd      0x3ff src/ASF/thirdparty/freertos/freertos-7.3.0/source/portable/memmang/heap_4.o
 .debug_loc     0x00002ccc     0x1183 src/ASF/thirdparty/freertos/freertos-7.3.0/source/queue.o
 .debug_loc     0x00003e4f     0x14ba src/ASF/thirdparty/freertos/freertos-7.3.0/source/tasks.o
 .debug_loc     0x00005309      0x9f1 src/ASF/thirdparty/freertos/freertos-7.3.0/source/timers.o
 .debug_loc     0x00005cfa      0x12b src/ASF/common/utils/stdio/write.o
 .debug_loc     0x00005e25      0x5a4 src/ASF/sam/drivers/tc/tc.o
 .debug_loc     0x000063c9      0x241 src/ASF/sam/drivers/uart/uart.o
 .debug_loc     0x0000660a      0x14b src/Task_game.o
 .debug_loc     0x00006755       0x6b src/Task_player1.o
 .debug_loc     0x000067c0       0x6b src/Task_player2.o
 .debug_loc     0x0000682b      0x183 src/ASF/common/services/clock/sam3x/sysclk.o
 .debug_loc     0x000069ae       0x70 src/ASF/sam/boards/arduino_due_x/init.o
 .debug_loc     0x00006a1e      0xacc src/ASF/sam/drivers/pio/pio.o
 .debug_loc     0x000074ea      0x569 src/ASF/sam/drivers/pio/pio_handler.o
 .debug_loc     0x00007a53      0xa54 src/ASF/sam/drivers/pmc/pmc.o
 .debug_loc     0x000084a7       0x6b src/ASF/sam/utils/cmsis/sam3x/source/templates/gcc/startup_sam3x.o
 .debug_loc     0x00008512       0xfd src/ASF/sam/utils/syscalls/gcc/syscalls.o
 .debug_loc     0x0000860f       0xdc src/main.o

.debug_aranges  0x00000000      0xfe8
 .debug_aranges
                0x00000000       0x28 src/adcFunctions.o
 .debug_aranges
                0x00000028       0x20 src/ASF/common/utils/stdio/read.o
 .debug_aranges
                0x00000048      0x178 src/ASF/sam/drivers/adc/adc.o
 .debug_aranges
                0x000001c0       0x50 src/ASF/sam/drivers/trng/trng.o
 .debug_aranges
                0x00000210      0x2a8 src/ASF/sam/drivers/usart/usart.o
 .debug_aranges
                0x000004b8       0x20 src/buttons.o
 .debug_aranges
                0x000004d8       0x30 src/ConsoleFunctions.o
 .debug_aranges
                0x00000508       0x28 src/DelayFunctions.o
 .debug_aranges
                0x00000530       0x30 src/LCDFunctions.o
 .debug_aranges
                0x00000560       0x40 src/ASF/thirdparty/freertos/freertos-7.3.0/source/list.o
 .debug_aranges
                0x000005a0       0x80 src/ASF/thirdparty/freertos/freertos-7.3.0/source/portable/gcc/sam/port.o
 .debug_aranges
                0x00000620       0x40 src/ASF/thirdparty/freertos/freertos-7.3.0/source/portable/memmang/heap_4.o
 .debug_aranges
                0x00000660       0xd0 src/ASF/thirdparty/freertos/freertos-7.3.0/source/queue.o
 .debug_aranges
                0x00000730      0x130 src/ASF/thirdparty/freertos/freertos-7.3.0/source/tasks.o
 .debug_aranges
                0x00000860       0x60 src/ASF/thirdparty/freertos/freertos-7.3.0/source/timers.o
 .debug_aranges
                0x000008c0       0x20 src/ASF/common/utils/stdio/write.o
 .debug_aranges
                0x000008e0       0xd0 src/ASF/sam/drivers/tc/tc.o
 .debug_aranges
                0x000009b0       0xe8 src/ASF/sam/drivers/uart/uart.o
 .debug_aranges
                0x00000a98       0x20 src/Task_game.o
 .debug_aranges
                0x00000ab8       0x20 src/Task_player1.o
 .debug_aranges
                0x00000ad8       0x20 src/Task_player2.o
 .debug_aranges
                0x00000af8       0x40 src/ASF/common/services/clock/sam3x/sysclk.o
 .debug_aranges
                0x00000b38       0x20 src/ASF/sam/boards/arduino_due_x/init.o
 .debug_aranges
                0x00000b58      0x148 src/ASF/sam/drivers/pio/pio.o
 .debug_aranges
                0x00000ca0       0x58 src/ASF/sam/drivers/pio/pio_handler.o
 .debug_aranges
                0x00000cf8      0x200 src/ASF/sam/drivers/pmc/pmc.o
 .debug_aranges
                0x00000ef8       0x20 src/ASF/sam/utils/cmsis/sam3x/source/templates/exceptions.o
 .debug_aranges
                0x00000f18       0x20 src/ASF/sam/utils/cmsis/sam3x/source/templates/gcc/startup_sam3x.o
 .debug_aranges
                0x00000f38       0x30 src/ASF/sam/utils/cmsis/sam3x/source/templates/system_sam3x.o
 .debug_aranges
                0x00000f68       0x60 src/ASF/sam/utils/syscalls/gcc/syscalls.o
 .debug_aranges
                0x00000fc8       0x20 src/main.o

.debug_ranges   0x00000000      0xfd0
 .debug_ranges  0x00000000       0x18 src/adcFunctions.o
 .debug_ranges  0x00000018       0x10 src/ASF/common/utils/stdio/read.o
 .debug_ranges  0x00000028      0x168 src/ASF/sam/drivers/adc/adc.o
 .debug_ranges  0x00000190       0x40 src/ASF/sam/drivers/trng/trng.o
 .debug_ranges  0x000001d0      0x298 src/ASF/sam/drivers/usart/usart.o
 .debug_ranges  0x00000468       0x10 src/buttons.o
 .debug_ranges  0x00000478       0x20 src/ConsoleFunctions.o
 .debug_ranges  0x00000498       0x18 src/DelayFunctions.o
 .debug_ranges  0x000004b0       0x38 src/LCDFunctions.o
 .debug_ranges  0x000004e8       0x30 src/ASF/thirdparty/freertos/freertos-7.3.0/source/list.o
 .debug_ranges  0x00000518       0x70 src/ASF/thirdparty/freertos/freertos-7.3.0/source/portable/gcc/sam/port.o
 .debug_ranges  0x00000588       0x30 src/ASF/thirdparty/freertos/freertos-7.3.0/source/portable/memmang/heap_4.o
 .debug_ranges  0x000005b8       0xd8 src/ASF/thirdparty/freertos/freertos-7.3.0/source/queue.o
 .debug_ranges  0x00000690      0x1d0 src/ASF/thirdparty/freertos/freertos-7.3.0/source/tasks.o
 .debug_ranges  0x00000860       0xc0 src/ASF/thirdparty/freertos/freertos-7.3.0/source/timers.o
 .debug_ranges  0x00000920       0x10 src/ASF/common/utils/stdio/write.o
 .debug_ranges  0x00000930       0xc0 src/ASF/sam/drivers/tc/tc.o
 .debug_ranges  0x000009f0       0xd8 src/ASF/sam/drivers/uart/uart.o
 .debug_ranges  0x00000ac8       0x68 src/Task_game.o
 .debug_ranges  0x00000b30       0x10 src/Task_player1.o
 .debug_ranges  0x00000b40       0x10 src/Task_player2.o
 .debug_ranges  0x00000b50       0x30 src/ASF/common/services/clock/sam3x/sysclk.o
 .debug_ranges  0x00000b80       0x10 src/ASF/sam/boards/arduino_due_x/init.o
 .debug_ranges  0x00000b90      0x150 src/ASF/sam/drivers/pio/pio.o
 .debug_ranges  0x00000ce0       0x60 src/ASF/sam/drivers/pio/pio_handler.o
 .debug_ranges  0x00000d40      0x1f0 src/ASF/sam/drivers/pmc/pmc.o
 .debug_ranges  0x00000f30       0x10 src/ASF/sam/utils/cmsis/sam3x/source/templates/exceptions.o
 .debug_ranges  0x00000f40       0x10 src/ASF/sam/utils/cmsis/sam3x/source/templates/gcc/startup_sam3x.o
 .debug_ranges  0x00000f50       0x20 src/ASF/sam/utils/cmsis/sam3x/source/templates/system_sam3x.o
 .debug_ranges  0x00000f70       0x50 src/ASF/sam/utils/syscalls/gcc/syscalls.o
 .debug_ranges  0x00000fc0       0x10 src/main.o

.debug_macro    0x00000000    0x1e01a
 .debug_macro   0x00000000      0x786 src/adcFunctions.o
 .debug_macro   0x00000786      0x8d4 src/adcFunctions.o
 .debug_macro   0x0000105a       0x22 src/adcFunctions.o
 .debug_macro   0x0000107c       0x52 src/adcFunctions.o
 .debug_macro   0x000010ce       0x8d src/adcFunctions.o
 .debug_macro   0x0000115b       0x35 src/adcFunctions.o
 .debug_macro   0x00001190       0xef src/adcFunctions.o
 .debug_macro   0x0000127f       0x57 src/adcFunctions.o
 .debug_macro   0x000012d6       0x6a src/adcFunctions.o
 .debug_macro   0x00001340      0x1df src/adcFunctions.o
 .debug_macro   0x0000151f       0x82 src/adcFunctions.o
 .debug_macro   0x000015a1      0x45d src/adcFunctions.o
 .debug_macro   0x000019fe       0xfd src/adcFunctions.o
 .debug_macro   0x00001afb      0x6d7 src/adcFunctions.o
 .debug_macro   0x000021d2       0x76 src/adcFunctions.o
 .debug_macro   0x00002248       0x16 src/adcFunctions.o
 .debug_macro   0x0000225e      0x6da src/adcFunctions.o
 .debug_macro   0x00002938       0x26 src/adcFunctions.o
 .debug_macro   0x0000295e       0x3a src/adcFunctions.o
 .debug_macro   0x00002998       0x2d src/adcFunctions.o
 .debug_macro   0x000029c5      0xbb1 src/adcFunctions.o
 .debug_macro   0x00003576      0xaac src/adcFunctions.o
 .debug_macro   0x00004022      0x55f src/adcFunctions.o
 .debug_macro   0x00004581      0x2ab src/adcFunctions.o
 .debug_macro   0x0000482c      0x310 src/adcFunctions.o
 .debug_macro   0x00004b3c      0x746 src/adcFunctions.o
 .debug_macro   0x00005282       0x82 src/adcFunctions.o
 .debug_macro   0x00005304      0x571 src/adcFunctions.o
 .debug_macro   0x00005875       0x1c src/adcFunctions.o
 .debug_macro   0x00005891      0x6ae src/adcFunctions.o
 .debug_macro   0x00005f3f      0x523 src/adcFunctions.o
 .debug_macro   0x00006462       0xbe src/adcFunctions.o
 .debug_macro   0x00006520     0x2338 src/adcFunctions.o
 .debug_macro   0x00008858      0x853 src/adcFunctions.o
 .debug_macro   0x000090ab      0xdbf src/adcFunctions.o
 .debug_macro   0x00009e6a       0x7c src/adcFunctions.o
 .debug_macro   0x00009ee6      0x25a src/adcFunctions.o
 .debug_macro   0x0000a140       0x58 src/adcFunctions.o
 .debug_macro   0x0000a198      0x99e src/adcFunctions.o
 .debug_macro   0x0000ab36      0x240 src/adcFunctions.o
 .debug_macro   0x0000ad76      0x4d5 src/adcFunctions.o
 .debug_macro   0x0000b24b      0x6a9 src/adcFunctions.o
 .debug_macro   0x0000b8f4      0x595 src/adcFunctions.o
 .debug_macro   0x0000be89       0x46 src/adcFunctions.o
 .debug_macro   0x0000becf      0x344 src/adcFunctions.o
 .debug_macro   0x0000c213      0x283 src/adcFunctions.o
 .debug_macro   0x0000c496     0x14d7 src/adcFunctions.o
 .debug_macro   0x0000d96d      0x7b0 src/adcFunctions.o
 .debug_macro   0x0000e11d       0x76 src/adcFunctions.o
 .debug_macro   0x0000e193       0x82 src/adcFunctions.o
 .debug_macro   0x0000e215       0x76 src/adcFunctions.o
 .debug_macro   0x0000e28b       0x4c src/adcFunctions.o
 .debug_macro   0x0000e2d7      0x100 src/adcFunctions.o
 .debug_macro   0x0000e3d7      0x100 src/adcFunctions.o
 .debug_macro   0x0000e4d7      0x100 src/adcFunctions.o
 .debug_macro   0x0000e5d7       0x88 src/adcFunctions.o
 .debug_macro   0x0000e65f       0x88 src/adcFunctions.o
 .debug_macro   0x0000e6e7      0x3b4 src/adcFunctions.o
 .debug_macro   0x0000ea9b       0xb8 src/adcFunctions.o
 .debug_macro   0x0000eb53       0xb8 src/adcFunctions.o
 .debug_macro   0x0000ec0b       0xb8 src/adcFunctions.o
 .debug_macro   0x0000ecc3       0xb8 src/adcFunctions.o
 .debug_macro   0x0000ed7b      0x2b8 src/adcFunctions.o
 .debug_macro   0x0000f033      0x11b src/adcFunctions.o
 .debug_macro   0x0000f14e      0x21b src/adcFunctions.o
 .debug_macro   0x0000f369      0x21b src/adcFunctions.o
 .debug_macro   0x0000f584       0x2e src/adcFunctions.o
 .debug_macro   0x0000f5b2       0xac src/adcFunctions.o
 .debug_macro   0x0000f65e      0x143 src/adcFunctions.o
 .debug_macro   0x0000f7a1       0x7c src/adcFunctions.o
 .debug_macro   0x0000f81d      0x1fb src/adcFunctions.o
 .debug_macro   0x0000fa18       0x64 src/adcFunctions.o
 .debug_macro   0x0000fa7c       0xa6 src/adcFunctions.o
 .debug_macro   0x0000fb22       0x7c src/adcFunctions.o
 .debug_macro   0x0000fb9e       0x16 src/adcFunctions.o
 .debug_macro   0x0000fbb4       0x22 src/adcFunctions.o
 .debug_macro   0x0000fbd6       0x22 src/adcFunctions.o
 .debug_macro   0x0000fbf8      0x10c src/adcFunctions.o
 .debug_macro   0x0000fd04      0x10c src/adcFunctions.o
 .debug_macro   0x0000fe10      0x10c src/adcFunctions.o
 .debug_macro   0x0000ff1c      0x10c src/adcFunctions.o
 .debug_macro   0x00010028       0x1c src/adcFunctions.o
 .debug_macro   0x00010044       0x2e src/adcFunctions.o
 .debug_macro   0x00010072       0x22 src/adcFunctions.o
 .debug_macro   0x00010094       0x1c src/adcFunctions.o
 .debug_macro   0x000100b0       0x58 src/adcFunctions.o
 .debug_macro   0x00010108       0x10 src/adcFunctions.o
 .debug_macro   0x00010118      0x273 src/adcFunctions.o
 .debug_macro   0x0001038b      0xd39 src/adcFunctions.o